Archive member included to satisfy reference by file (symbol)

c:/st/stm32cubeide_1.5.0/stm32cubeide/plugins/com.st.stm32cube.ide.mcu.externaltools.gnu-tools-for-stm32.7-2018-q2-update.win32_1.5.0.202011040924/tools/bin/../lib/gcc/arm-none-eabi/7.3.1/../../../../arm-none-eabi/lib/thumb/v7-m\libc_nano.a(lib_a-errno.o)
                              Core/Src/syscalls.o (__errno)
c:/st/stm32cubeide_1.5.0/stm32cubeide/plugins/com.st.stm32cube.ide.mcu.externaltools.gnu-tools-for-stm32.7-2018-q2-update.win32_1.5.0.202011040924/tools/bin/../lib/gcc/arm-none-eabi/7.3.1/../../../../arm-none-eabi/lib/thumb/v7-m\libc_nano.a(lib_a-exit.o)
                              c:/st/stm32cubeide_1.5.0/stm32cubeide/plugins/com.st.stm32cube.ide.mcu.externaltools.gnu-tools-for-stm32.7-2018-q2-update.win32_1.5.0.202011040924/tools/bin/../lib/gcc/arm-none-eabi/7.3.1/../../../../arm-none-eabi/lib/thumb/v7-m/crt0.o (exit)
c:/st/stm32cubeide_1.5.0/stm32cubeide/plugins/com.st.stm32cube.ide.mcu.externaltools.gnu-tools-for-stm32.7-2018-q2-update.win32_1.5.0.202011040924/tools/bin/../lib/gcc/arm-none-eabi/7.3.1/../../../../arm-none-eabi/lib/thumb/v7-m\libc_nano.a(lib_a-impure.o)
                              c:/st/stm32cubeide_1.5.0/stm32cubeide/plugins/com.st.stm32cube.ide.mcu.externaltools.gnu-tools-for-stm32.7-2018-q2-update.win32_1.5.0.202011040924/tools/bin/../lib/gcc/arm-none-eabi/7.3.1/../../../../arm-none-eabi/lib/thumb/v7-m\libc_nano.a(lib_a-exit.o) (_global_impure_ptr)
c:/st/stm32cubeide_1.5.0/stm32cubeide/plugins/com.st.stm32cube.ide.mcu.externaltools.gnu-tools-for-stm32.7-2018-q2-update.win32_1.5.0.202011040924/tools/bin/../lib/gcc/arm-none-eabi/7.3.1/../../../../arm-none-eabi/lib/thumb/v7-m\libc_nano.a(lib_a-init.o)
                              c:/st/stm32cubeide_1.5.0/stm32cubeide/plugins/com.st.stm32cube.ide.mcu.externaltools.gnu-tools-for-stm32.7-2018-q2-update.win32_1.5.0.202011040924/tools/bin/../lib/gcc/arm-none-eabi/7.3.1/../../../../arm-none-eabi/lib/thumb/v7-m/crt0.o (__libc_init_array)
c:/st/stm32cubeide_1.5.0/stm32cubeide/plugins/com.st.stm32cube.ide.mcu.externaltools.gnu-tools-for-stm32.7-2018-q2-update.win32_1.5.0.202011040924/tools/bin/../lib/gcc/arm-none-eabi/7.3.1/../../../../arm-none-eabi/lib/thumb/v7-m\libc_nano.a(lib_a-memset.o)
                              c:/st/stm32cubeide_1.5.0/stm32cubeide/plugins/com.st.stm32cube.ide.mcu.externaltools.gnu-tools-for-stm32.7-2018-q2-update.win32_1.5.0.202011040924/tools/bin/../lib/gcc/arm-none-eabi/7.3.1/../../../../arm-none-eabi/lib/thumb/v7-m/crt0.o (memset)
c:/st/stm32cubeide_1.5.0/stm32cubeide/plugins/com.st.stm32cube.ide.mcu.externaltools.gnu-tools-for-stm32.7-2018-q2-update.win32_1.5.0.202011040924/tools/bin/../lib/gcc/arm-none-eabi/7.3.1/thumb/v7-m\libgcc.a(_arm_addsubdf3.o)
                              Core/Src/UART.o (__aeabi_dadd)
c:/st/stm32cubeide_1.5.0/stm32cubeide/plugins/com.st.stm32cube.ide.mcu.externaltools.gnu-tools-for-stm32.7-2018-q2-update.win32_1.5.0.202011040924/tools/bin/../lib/gcc/arm-none-eabi/7.3.1/thumb/v7-m\libgcc.a(_arm_muldivdf3.o)
                              Core/Src/UART.o (__aeabi_ddiv)
c:/st/stm32cubeide_1.5.0/stm32cubeide/plugins/com.st.stm32cube.ide.mcu.externaltools.gnu-tools-for-stm32.7-2018-q2-update.win32_1.5.0.202011040924/tools/bin/../lib/gcc/arm-none-eabi/7.3.1/thumb/v7-m\libgcc.a(_arm_fixunsdfsi.o)
                              Core/Src/UART.o (__aeabi_d2uiz)

Allocating common symbols
Common symbol       size              file

ecusConfig          0x4               Core/Src/ECU_Config.o
uwTick              0x4               Drivers/STM32F1xx_HAL_Driver/Src/stm32f1xx_hal.o
pFlash              0x20              Drivers/STM32F1xx_HAL_Driver/Src/stm32f1xx_hal_flash.o

Discarded input sections

 .text          0x0000000000000000        0x0 c:/st/stm32cubeide_1.5.0/stm32cubeide/plugins/com.st.stm32cube.ide.mcu.externaltools.gnu-tools-for-stm32.7-2018-q2-update.win32_1.5.0.202011040924/tools/bin/../lib/gcc/arm-none-eabi/7.3.1/thumb/v7-m/crti.o
 .data          0x0000000000000000        0x0 c:/st/stm32cubeide_1.5.0/stm32cubeide/plugins/com.st.stm32cube.ide.mcu.externaltools.gnu-tools-for-stm32.7-2018-q2-update.win32_1.5.0.202011040924/tools/bin/../lib/gcc/arm-none-eabi/7.3.1/thumb/v7-m/crti.o
 .bss           0x0000000000000000        0x0 c:/st/stm32cubeide_1.5.0/stm32cubeide/plugins/com.st.stm32cube.ide.mcu.externaltools.gnu-tools-for-stm32.7-2018-q2-update.win32_1.5.0.202011040924/tools/bin/../lib/gcc/arm-none-eabi/7.3.1/thumb/v7-m/crti.o
 .data          0x0000000000000000        0x4 c:/st/stm32cubeide_1.5.0/stm32cubeide/plugins/com.st.stm32cube.ide.mcu.externaltools.gnu-tools-for-stm32.7-2018-q2-update.win32_1.5.0.202011040924/tools/bin/../lib/gcc/arm-none-eabi/7.3.1/thumb/v7-m/crtbegin.o
[...]
Memory Configuration

Name             Origin             Length             Attributes
RAM              0x0000000020000000 0x0000000000005000 xrw
FLASH            0x0000000008000000 0x0000000000020000 xr
*default*        0x0000000000000000 0xffffffffffffffff

Linker script and memory map

LOAD c:/st/stm32cubeide_1.5.0/stm32cubeide/plugins/com.st.stm32cube.ide.mcu.externaltools.gnu-tools-for-stm32.7-2018-q2-update.win32_1.5.0.202011040924/tools/bin/../lib/gcc/arm-none-eabi/7.3.1/thumb/v7-m/crti.o
LOAD c:/st/stm32cubeide_1.5.0/stm32cubeide/plugins/com.st.stm32cube.ide.mcu.externaltools.gnu-tools-for-stm32.7-2018-q2-update.win32_1.5.0.202011040924/tools/bin/../lib/gcc/arm-none-eabi/7.3.1/thumb/v7-m/crtbegin.o
LOAD c:/st/stm32cubeide_1.5.0/stm32cubeide/plugins/com.st.stm32cube.ide.mcu.externaltools.gnu-tools-for-stm32.7-2018-q2-update.win32_1.5.0.202011040924/tools/bin/../lib/gcc/arm-none-eabi/7.3.1/../../../../arm-none-eabi/lib/thumb/v7-m/crt0.o
LOAD Core/Src/CAN.o
LOAD Core/Src/ECU_Comm.o
LOAD Core/Src/ECU_Config.o
LOAD Core/Src/ESP.o
LOAD Core/Src/FPEC.o
LOAD Core/Src/GPIO.o
LOAD Core/Src/NVIC.o
LOAD Core/Src/RCC.o
LOAD Core/Src/UART.o
LOAD Core/Src/main.o
LOAD Core/Src/serverComm.o
LOAD Core/Src/srec.o
LOAD Core/Src/stm32f1xx_hal_msp.o
LOAD Core/Src/stm32f1xx_it.o
LOAD Core/Src/syscalls.o
LOAD Core/Src/sysmem.o
LOAD Core/Src/system_stm32f1xx.o
LOAD Core/Startup/startup_stm32f103c8tx.o
LOAD Drivers/STM32F1xx_HAL_Driver/Src/stm32f1xx_hal.o
LOAD Drivers/STM32F1xx_HAL_Driver/Src/stm32f1xx_hal_cortex.o
LOAD Drivers/STM32F1xx_HAL_Driver/Src/stm32f1xx_hal_dma.o
LOAD Drivers/STM32F1xx_HAL_Driver/Src/stm32f1xx_hal_exti.o
LOAD Drivers/STM32F1xx_HAL_Driver/Src/stm32f1xx_hal_flash.o
LOAD Drivers/STM32F1xx_HAL_Driver/Src/stm32f1xx_hal_flash_ex.o
LOAD Drivers/STM32F1xx_HAL_Driver/Src/stm32f1xx_hal_gpio.o
LOAD Drivers/STM32F1xx_HAL_Driver/Src/stm32f1xx_hal_gpio_ex.o
LOAD Drivers/STM32F1xx_HAL_Driver/Src/stm32f1xx_hal_pwr.o
LOAD Drivers/STM32F1xx_HAL_Driver/Src/stm32f1xx_hal_rcc.o
LOAD Drivers/STM32F1xx_HAL_Driver/Src/stm32f1xx_hal_rcc_ex.o
LOAD Drivers/STM32F1xx_HAL_Driver/Src/stm32f1xx_hal_tim.o
LOAD Drivers/STM32F1xx_HAL_Driver/Src/stm32f1xx_hal_tim_ex.o
START GROUP
LOAD c:/st/stm32cubeide_1.5.0/stm32cubeide/plugins/com.st.stm32cube.ide.mcu.externaltools.gnu-tools-for-stm32.7-2018-q2-update.win32_1.5.0.202011040924/tools/bin/../lib/gcc/arm-none-eabi/7.3.1/../../../../arm-none-eabi/lib/thumb/v7-m\libc_nano.a
LOAD c:/st/stm32cubeide_1.5.0/stm32cubeide/plugins/com.st.stm32cube.ide.mcu.externaltools.gnu-tools-for-stm32.7-2018-q2-update.win32_1.5.0.202011040924/tools/bin/../lib/gcc/arm-none-eabi/7.3.1/../../../../arm-none-eabi/lib/thumb/v7-m\libm.a
END GROUP
START GROUP
LOAD c:/st/stm32cubeide_1.5.0/stm32cubeide/plugins/com.st.stm32cube.ide.mcu.externaltools.gnu-tools-for-stm32.7-2018-q2-update.win32_1.5.0.202011040924/tools/bin/../lib/gcc/arm-none-eabi/7.3.1/thumb/v7-m\libgcc.a
LOAD c:/st/stm32cubeide_1.5.0/stm32cubeide/plugins/com.st.stm32cube.ide.mcu.externaltools.gnu-tools-for-stm32.7-2018-q2-update.win32_1.5.0.202011040924/tools/bin/../lib/gcc/arm-none-eabi/7.3.1/../../../../arm-none-eabi/lib/thumb/v7-m\libc_nano.a
END GROUP
START GROUP
LOAD c:/st/stm32cubeide_1.5.0/stm32cubeide/plugins/com.st.stm32cube.ide.mcu.externaltools.gnu-tools-for-stm32.7-2018-q2-update.win32_1.5.0.202011040924/tools/bin/../lib/gcc/arm-none-eabi/7.3.1/thumb/v7-m\libgcc.a
LOAD c:/st/stm32cubeide_1.5.0/stm32cubeide/plugins/com.st.stm32cube.ide.mcu.externaltools.gnu-tools-for-stm32.7-2018-q2-update.win32_1.5.0.202011040924/tools/bin/../lib/gcc/arm-none-eabi/7.3.1/../../../../arm-none-eabi/lib/thumb/v7-m\libc_nano.a
LOAD c:/st/stm32cubeide_1.5.0/stm32cubeide/plugins/com.st.stm32cube.ide.mcu.externaltools.gnu-tools-for-stm32.7-2018-q2-update.win32_1.5.0.202011040924/tools/bin/../lib/gcc/arm-none-eabi/7.3.1/../../../../arm-none-eabi/lib/thumb/v7-m\libnosys.a
END GROUP
START GROUP
LOAD c:/st/stm32cubeide_1.5.0/stm32cubeide/plugins/com.st.stm32cube.ide.mcu.externaltools.gnu-tools-for-stm32.7-2018-q2-update.win32_1.5.0.202011040924/tools/bin/../lib/gcc/arm-none-eabi/7.3.1/thumb/v7-m\libgcc.a
LOAD c:/st/stm32cubeide_1.5.0/stm32cubeide/plugins/com.st.stm32cube.ide.mcu.externaltools.gnu-tools-for-stm32.7-2018-q2-update.win32_1.5.0.202011040924/tools/bin/../lib/gcc/arm-none-eabi/7.3.1/../../../../arm-none-eabi/lib/thumb/v7-m\libc_nano.a
LOAD c:/st/stm32cubeide_1.5.0/stm32cubeide/plugins/com.st.stm32cube.ide.mcu.externaltools.gnu-tools-for-stm32.7-2018-q2-update.win32_1.5.0.202011040924/tools/bin/../lib/gcc/arm-none-eabi/7.3.1/../../../../arm-none-eabi/lib/thumb/v7-m\libnosys.a
END GROUP
LOAD c:/st/stm32cubeide_1.5.0/stm32cubeide/plugins/com.st.stm32cube.ide.mcu.externaltools.gnu-tools-for-stm32.7-2018-q2-update.win32_1.5.0.202011040924/tools/bin/../lib/gcc/arm-none-eabi/7.3.1/thumb/v7-m/crtend.o
LOAD c:/st/stm32cubeide_1.5.0/stm32cubeide/plugins/com.st.stm32cube.ide.mcu.externaltools.gnu-tools-for-stm32.7-2018-q2-update.win32_1.5.0.202011040924/tools/bin/../lib/gcc/arm-none-eabi/7.3.1/thumb/v7-m/crtn.o
                0x0000000020005000                _estack = (ORIGIN (RAM) + LENGTH (RAM))
                0x0000000000000200                _Min_Heap_Size = 0x200
                0x0000000000000400                _Min_Stack_Size = 0x400

.isr_vector     0x0000000008000000      0x10c
                0x0000000008000000                . = ALIGN (0x4)
 *(.isr_vector)
 .isr_vector    0x0000000008000000      0x10c Core/Startup/startup_stm32f103c8tx.o
                0x0000000008000000                g_pfnVectors
                0x000000000800010c                . = ALIGN (0x4)

.text           0x000000000800010c     0x3318
                0x000000000800010c                . = ALIGN (0x4)
 *(.text)
 .text          0x000000000800010c       0x40 c:/st/stm32cubeide_1.5.0/stm32cubeide/plugins/com.st.stm32cube.ide.mcu.externaltools.gnu-tools-for-stm32.7-2018-q2-update.win32_1.5.0.202011040924/tools/bin/../lib/gcc/arm-none-eabi/7.3.1/thumb/v7-m/crtbegin.o
 .text          0x000000000800014c      0x378 c:/st/stm32cubeide_1.5.0/stm32cubeide/plugins/com.st.stm32cube.ide.mcu.externaltools.gnu-tools-for-stm32.7-2018-q2-update.win32_1.5.0.202011040924/tools/bin/../lib/gcc/arm-none-eabi/7.3.1/thumb/v7-m\libgcc.a(_arm_addsubdf3.o)
                0x000000000800014c                __aeabi_drsub
                0x0000000008000154                __aeabi_dsub
                0x0000000008000154                __subdf3
                0x0000000008000158                __aeabi_dadd
                0x0000000008000158                __adddf3
                0x00000000080003d0                __floatunsidf
                0x00000000080003d0                __aeabi_ui2d
                0x00000000080003f0                __floatsidf
                0x00000000080003f0                __aeabi_i2d
                0x0000000008000414                __aeabi_f2d
                0x0000000008000414                __extendsfdf2
                0x0000000008000458                __floatundidf
                0x0000000008000458                __aeabi_ul2d
                0x0000000008000468                __floatdidf
                0x0000000008000468                __aeabi_l2d
 .text          0x00000000080004c4      0x424 c:/st/stm32cubeide_1.5.0/stm32cubeide/plugins/com.st.stm32cube.ide.mcu.externaltools.gnu-tools-for-stm32.7-2018-q2-update.win32_1.5.0.202011040924/tools/bin/../lib/gcc/arm-none-eabi/7.3.1/thumb/v7-m\libgcc.a(_arm_muldivdf3.o)
                0x00000000080004c4                __aeabi_dmul
                0x00000000080004c4                __muldf3
                0x0000000008000718                __divdf3
                0x0000000008000718                __aeabi_ddiv
 .text          0x00000000080008e8       0x40 c:/st/stm32cubeide_1.5.0/stm32cubeide/plugins/com.st.stm32cube.ide.mcu.externaltools.gnu-tools-for-stm32.7-2018-q2-update.win32_1.5.0.202011040924/tools/bin/../lib/gcc/arm-none-eabi/7.3.1/thumb/v7-m\libgcc.a(_arm_fixunsdfsi.o)
                0x00000000080008e8                __aeabi_d2uiz
                0x00000000080008e8                __fixunsdfsi
 *(.text*)
 .text.USB_LP_CAN1_RX0_IRQHandler
                0x0000000008000928       0x1c Core/Src/CAN.o
                0x0000000008000928                USB_LP_CAN1_RX0_IRQHandler
 .text.CAN_Init
                0x0000000008000944      0x1a4 Core/Src/CAN.o
                0x0000000008000944                CAN_Init
 .text.CAN_InitFilterBank
                0x0000000008000ae8      0x4e4 Core/Src/CAN.o
                0x0000000008000ae8                CAN_InitFilterBank
 .text.CAN_Tx   0x0000000008000fcc      0x1f0 Core/Src/CAN.o
                0x0000000008000fcc                CAN_Tx
 .text.CAN_Rx   0x00000000080011bc      0x17c Core/Src/CAN.o
                0x00000000080011bc                CAN_Rx
 .text.CAN_CallBackFun
                0x0000000008001338       0x20 Core/Src/ECU_Comm.o
 .text.validateRes
                0x0000000008001358       0x90 Core/Src/ECU_Comm.o
 .text.ECU_CommInit
                0x00000000080013e8       0x84 Core/Src/ECU_Comm.o
                0x00000000080013e8                ECU_CommInit
 .text.ECU_SendUpdateReq
                0x000000000800146c       0x4a Core/Src/ECU_Comm.o
                0x000000000800146c                ECU_SendUpdateReq
 *fill*         0x00000000080014b6        0x2 
 .text.ECU_LoadConfig
                0x00000000080014b8      0x100 Core/Src/ECU_Config.o
                0x00000000080014b8                ECU_LoadConfig
 .text.ECU_UpdateConfig
                0x00000000080015b8       0xd0 Core/Src/ECU_Config.o
                0x00000000080015b8                ECU_UpdateConfig
 .text.isStringStartsWith
                0x0000000008001688       0x50 Core/Src/ESP.o
                0x0000000008001688                isStringStartsWith
 .text.ESP_CheckErrors
                0x00000000080016d8       0xa4 Core/Src/ESP.o
 .text.ESP_RxCallBackFun
                0x000000000800177c       0xb0 Core/Src/ESP.o
                0x000000000800177c                ESP_RxCallBackFun
 .text.ESP_ReadRxDataFromServer
                0x000000000800182c       0xa4 Core/Src/ESP.o
                0x000000000800182c                ESP_ReadRxDataFromServer
 .text.ESP_ClrBuffer
                0x00000000080018d0       0x18 Core/Src/ESP.o
                0x00000000080018d0                ESP_ClrBuffer
 .text.ESP_Init
                0x00000000080018e8       0x3c Core/Src/ESP.o
                0x00000000080018e8                ESP_Init
 .text.ESP_ConnectToRouter
                0x0000000008001924       0x70 Core/Src/ESP.o
                0x0000000008001924                ESP_ConnectToRouter
 .text.ESP_SetWiFiMode
                0x0000000008001994       0x44 Core/Src/ESP.o
                0x0000000008001994                ESP_SetWiFiMode
 .text.ESP_SetAsTCPClient
                0x00000000080019d8       0x70 Core/Src/ESP.o
                0x00000000080019d8                ESP_SetAsTCPClient
 .text.ESP_StartSendingData
                0x0000000008001a48       0xf8 Core/Src/ESP.o
                0x0000000008001a48                ESP_StartSendingData
 .text.FPEC_UnlockFlash
                0x0000000008001b40       0x24 Core/Src/FPEC.o
 .text.FPEC_LockFlash
                0x0000000008001b64       0x1c Core/Src/FPEC.o
 .text.FPEC_CheckErrors
                0x0000000008001b80       0x50 Core/Src/FPEC.o
 .text.FPEC_DirectWriteHalfWord
                0x0000000008001bd0       0xac Core/Src/FPEC.o
                0x0000000008001bd0                FPEC_DirectWriteHalfWord
 .text.FPEC_InitFlash
                0x0000000008001c7c       0x40 Core/Src/FPEC.o
                0x0000000008001c7c                FPEC_InitFlash
 .text.FPEC_ErasePage
                0x0000000008001cbc       0x94 Core/Src/FPEC.o
                0x0000000008001cbc                FPEC_ErasePage
 .text.FPEC_WritePage
                0x0000000008001d50       0x6a Core/Src/FPEC.o
                0x0000000008001d50                FPEC_WritePage
 .text.FPEC_ReadPage
                0x0000000008001dba       0x46 Core/Src/FPEC.o
                0x0000000008001dba                FPEC_ReadPage
 .text.FPEC_ReadHalfWord
                0x0000000008001e00       0x44 Core/Src/FPEC.o
                0x0000000008001e00                FPEC_ReadHalfWord
 .text.FPEC_ReadByte
                0x0000000008001e44       0x3c Core/Src/FPEC.o
                0x0000000008001e44                FPEC_ReadByte
 .text.FPEC_WriteByte
                0x0000000008001e80       0xf4 Core/Src/FPEC.o
                0x0000000008001e80                FPEC_WriteByte
 .text.GPIO_InitPin
                0x0000000008001f74       0xd4 Core/Src/GPIO.o
 .text.GPIO_GetNewValueOfCR
                0x0000000008002048      0x100 Core/Src/GPIO.o
 .text.GPIO_InitPins
                0x0000000008002148       0x76 Core/Src/GPIO.o
                0x0000000008002148                GPIO_InitPins
 *fill*         0x00000000080021be        0x2 
 .text.GPIO_SetPinsOutputVoltage
                0x00000000080021c0       0x54 Core/Src/GPIO.o
                0x00000000080021c0                GPIO_SetPinsOutputVoltage
 .text.NVIC_EnableInterrupt
                0x0000000008002214       0x74 Core/Src/NVIC.o
                0x0000000008002214                NVIC_EnableInterrupt
 .text.RCC_InitClock
                0x0000000008002288       0xac Core/Src/RCC.o
                0x0000000008002288                RCC_InitClock
 .text.RCC_EnablePeripheralClock
                0x0000000008002334       0x68 Core/Src/RCC.o
                0x0000000008002334                RCC_EnablePeripheralClock
 .text.UART_CheckErrors
                0x000000000800239c       0x5a Core/Src/UART.o
 *fill*         0x00000000080023f6        0x2 
 .text.UART_Init
                0x00000000080023f8      0x1d0 Core/Src/UART.o
                0x00000000080023f8                UART_Init
 .text.UART_TxChar
                0x00000000080025c8       0x2c Core/Src/UART.o
                0x00000000080025c8                UART_TxChar
 .text.UART_RxCharUnblocking
                0x00000000080025f4       0x36 Core/Src/UART.o
                0x00000000080025f4                UART_RxCharUnblocking
 .text.UART_TxString
                0x000000000800262a       0x2e Core/Src/UART.o
                0x000000000800262a                UART_TxString
 .text.USART1_IRQHandler
                0x0000000008002658       0x94 Core/Src/UART.o
                0x0000000008002658                USART1_IRQHandler
 .text.USART2_IRQHandler
                0x00000000080026ec       0x94 Core/Src/UART.o
                0x00000000080026ec                USART2_IRQHandler
 .text.USART3_IRQHandler
                0x0000000008002780       0x94 Core/Src/UART.o
                0x0000000008002780                USART3_IRQHandler
 .text.main     0x0000000008002814       0x50 Core/Src/main.o
                0x0000000008002814                main
 .text.delay    0x0000000008002864       0x26 Core/Src/main.o
                0x0000000008002864                delay
 *fill*         0x000000000800288a        0x2 
 .text.ledInit  0x000000000800288c       0x2c Core/Src/main.o
                0x000000000800288c                ledInit
 .text.ledToggle
                0x00000000080028b8       0x40 Core/Src/main.o
                0x00000000080028b8                ledToggle
 .text.handleUpdate
                0x00000000080028f8      0x1cc Core/Src/main.o
                0x00000000080028f8                handleUpdate
 .text.u8ToStr  0x0000000008002ac4       0xb0 Core/Src/serverComm.o
 .text.strToU8  0x0000000008002b74       0x66 Core/Src/serverComm.o
 *fill*         0x0000000008002bda        0x2 
 .text.ESP_SrvrRxDataCallBack
                0x0000000008002bdc       0x64 Core/Src/serverComm.o
 .text.serverCommInit
                0x0000000008002c40       0x34 Core/Src/serverComm.o
                0x0000000008002c40                serverCommInit
 .text.serverTerminateConn
                0x0000000008002c74       0x1c Core/Src/serverComm.o
                0x0000000008002c74                serverTerminateConn
 .text.getEcuLatestVersion
                0x0000000008002c90      0x174 Core/Src/serverComm.o
                0x0000000008002c90                getEcuLatestVersion
 .text.getNextLineOfUpdate
                0x0000000008002e04       0x84 Core/Src/serverComm.o
                0x0000000008002e04                getNextLineOfUpdate
 .text.valueOfAsciiDigit
                0x0000000008002e88      0x118 Core/Src/srec.o
 .text.valueOfTwoAsciiDigits
                0x0000000008002fa0       0x38 Core/Src/srec.o
 .text.strToNumArr
                0x0000000008002fd8       0x50 Core/Src/srec.o
 .text.sRecordParse
                0x0000000008003028      0x2c0 Core/Src/srec.o
                0x0000000008003028                sRecordParse
 .text.NMI_Handler
                0x00000000080032e8        0x6 Core/Src/stm32f1xx_it.o
                0x00000000080032e8                NMI_Handler
 .text.HardFault_Handler
                0x00000000080032ee        0x6 Core/Src/stm32f1xx_it.o
                0x00000000080032ee                HardFault_Handler
 .text.MemManage_Handler
                0x00000000080032f4        0x6 Core/Src/stm32f1xx_it.o
                0x00000000080032f4                MemManage_Handler
 .text.BusFault_Handler
                0x00000000080032fa        0x6 Core/Src/stm32f1xx_it.o
                0x00000000080032fa                BusFault_Handler
 .text.UsageFault_Handler
                0x0000000008003300        0x6 Core/Src/stm32f1xx_it.o
                0x0000000008003300                UsageFault_Handler
 .text.SVC_Handler
                0x0000000008003306        0xc Core/Src/stm32f1xx_it.o
                0x0000000008003306                SVC_Handler
 .text.DebugMon_Handler
                0x0000000008003312        0xc Core/Src/stm32f1xx_it.o
                0x0000000008003312                DebugMon_Handler
 .text.PendSV_Handler
                0x000000000800331e        0xc Core/Src/stm32f1xx_it.o
                0x000000000800331e                PendSV_Handler
 .text.SysTick_Handler
                0x000000000800332a        0xc Core/Src/stm32f1xx_it.o
                0x000000000800332a                SysTick_Handler
 .text.SystemInit
                0x0000000008003336        0xc Core/Src/system_stm32f1xx.o
                0x0000000008003336                SystemInit
 *fill*         0x0000000008003342        0x2 
 .text.Reset_Handler
                0x0000000008003344       0x48 Core/Startup/startup_stm32f103c8tx.o
                0x0000000008003344                Reset_Handler
 .text.Default_Handler
                0x000000000800338c        0x2 Core/Startup/startup_stm32f103c8tx.o
                0x000000000800338c                RTC_Alarm_IRQHandler
                0x000000000800338c                EXTI2_IRQHandler
                0x000000000800338c                TIM1_CC_IRQHandler
                0x000000000800338c                PVD_IRQHandler
                0x000000000800338c                EXTI3_IRQHandler
                0x000000000800338c                EXTI0_IRQHandler
                0x000000000800338c                I2C2_EV_IRQHandler
                0x000000000800338c                ADC1_2_IRQHandler
                0x000000000800338c                SPI1_IRQHandler
                0x000000000800338c                TAMPER_IRQHandler
                0x000000000800338c                DMA1_Channel4_IRQHandler
                0x000000000800338c                RTC_IRQHandler
                0x000000000800338c                DMA1_Channel7_IRQHandler
                0x000000000800338c                CAN1_RX1_IRQHandler
                0x000000000800338c                TIM4_IRQHandler
                0x000000000800338c                I2C1_EV_IRQHandler
                0x000000000800338c                DMA1_Channel6_IRQHandler
                0x000000000800338c                TIM3_IRQHandler
                0x000000000800338c                RCC_IRQHandler
                0x000000000800338c                TIM1_TRG_COM_IRQHandler
                0x000000000800338c                DMA1_Channel1_IRQHandler
                0x000000000800338c                Default_Handler
                0x000000000800338c                EXTI15_10_IRQHandler
                0x000000000800338c                EXTI9_5_IRQHandler
                0x000000000800338c                SPI2_IRQHandler
                0x000000000800338c                DMA1_Channel5_IRQHandler
                0x000000000800338c                EXTI4_IRQHandler
                0x000000000800338c                USB_HP_CAN1_TX_IRQHandler
                0x000000000800338c                DMA1_Channel3_IRQHandler
                0x000000000800338c                TIM1_UP_IRQHandler
                0x000000000800338c                WWDG_IRQHandler
                0x000000000800338c                TIM2_IRQHandler
                0x000000000800338c                TIM1_BRK_IRQHandler
                0x000000000800338c                EXTI1_IRQHandler
                0x000000000800338c                I2C2_ER_IRQHandler
                0x000000000800338c                DMA1_Channel2_IRQHandler
                0x000000000800338c                CAN1_SCE_IRQHandler
                0x000000000800338c                FLASH_IRQHandler
                0x000000000800338c                I2C1_ER_IRQHandler
                0x000000000800338c                USBWakeUp_IRQHandler
 *fill*         0x000000000800338e        0x2 
 .text.HAL_IncTick
                0x0000000008003390       0x24 Drivers/STM32F1xx_HAL_Driver/Src/stm32f1xx_hal.o
                0x0000000008003390                HAL_IncTick
 .text.__libc_init_array
                0x00000000080033b4       0x48 c:/st/stm32cubeide_1.5.0/stm32cubeide/plugins/com.st.stm32cube.ide.mcu.externaltools.gnu-tools-for-stm32.7-2018-q2-update.win32_1.5.0.202011040924/tools/bin/../lib/gcc/arm-none-eabi/7.3.1/../../../../arm-none-eabi/lib/thumb/v7-m\libc_nano.a(lib_a-init.o)
                0x00000000080033b4                __libc_init_array
 .text.memset   0x00000000080033fc       0x10 c:/st/stm32cubeide_1.5.0/stm32cubeide/plugins/com.st.stm32cube.ide.mcu.externaltools.gnu-tools-for-stm32.7-2018-q2-update.win32_1.5.0.202011040924/tools/bin/../lib/gcc/arm-none-eabi/7.3.1/../../../../arm-none-eabi/lib/thumb/v7-m\libc_nano.a(lib_a-memset.o)
                0x00000000080033fc                memset
 *(.glue_7)
 .glue_7        0x000000000800340c        0x0 linker stubs
 *(.glue_7t)
 .glue_7t       0x000000000800340c        0x0 linker stubs
 *(.eh_frame)
 .eh_frame      0x000000000800340c        0x0 c:/st/stm32cubeide_1.5.0/stm32cubeide/plugins/com.st.stm32cube.ide.mcu.externaltools.gnu-tools-for-stm32.7-2018-q2-update.win32_1.5.0.202011040924/tools/bin/../lib/gcc/arm-none-eabi/7.3.1/thumb/v7-m/crtbegin.o
 *(.init)
 .init          0x000000000800340c        0x4 c:/st/stm32cubeide_1.5.0/stm32cubeide/plugins/com.st.stm32cube.ide.mcu.externaltools.gnu-tools-for-stm32.7-2018-q2-update.win32_1.5.0.202011040924/tools/bin/../lib/gcc/arm-none-eabi/7.3.1/thumb/v7-m/crti.o
                0x000000000800340c                _init
 .init          0x0000000008003410        0x8 c:/st/stm32cubeide_1.5.0/stm32cubeide/plugins/com.st.stm32cube.ide.mcu.externaltools.gnu-tools-for-stm32.7-2018-q2-update.win32_1.5.0.202011040924/tools/bin/../lib/gcc/arm-none-eabi/7.3.1/thumb/v7-m/crtn.o
 *(.fini)
 .fini          0x0000000008003418        0x4 c:/st/stm32cubeide_1.5.0/stm32cubeide/plugins/com.st.stm32cube.ide.mcu.externaltools.gnu-tools-for-stm32.7-2018-q2-update.win32_1.5.0.202011040924/tools/bin/../lib/gcc/arm-none-eabi/7.3.1/thumb/v7-m/crti.o
                0x0000000008003418                _fini
 .fini          0x000000000800341c        0x8 c:/st/stm32cubeide_1.5.0/stm32cubeide/plugins/com.st.stm32cube.ide.mcu.externaltools.gnu-tools-for-stm32.7-2018-q2-update.win32_1.5.0.202011040924/tools/bin/../lib/gcc/arm-none-eabi/7.3.1/thumb/v7-m/crtn.o
                0x0000000008003424                . = ALIGN (0x4)
                0x0000000008003424                _etext = .

.vfp11_veneer   0x0000000008003424        0x0
 .vfp11_veneer  0x0000000008003424        0x0 linker stubs

.v4_bx          0x0000000008003424        0x0
 .v4_bx         0x0000000008003424        0x0 linker stubs

.iplt           0x0000000008003424        0x0
 .iplt          0x0000000008003424        0x0 c:/st/stm32cubeide_1.5.0/stm32cubeide/plugins/com.st.stm32cube.ide.mcu.externaltools.gnu-tools-for-stm32.7-2018-q2-update.win32_1.5.0.202011040924/tools/bin/../lib/gcc/arm-none-eabi/7.3.1/thumb/v7-m/crtbegin.o

.rodata         0x0000000008003424      0x110
                0x0000000008003424                . = ALIGN (0x4)
 *(.rodata)
 .rodata        0x0000000008003424        0xe Core/Src/CAN.o
 *fill*         0x0000000008003432        0x2 
 .rodata        0x0000000008003434       0xc7 Core/Src/ESP.o
 *fill*         0x00000000080034fb        0x1 
 .rodata        0x00000000080034fc        0x4 Core/Src/main.o
 .rodata        0x0000000008003500       0x32 Core/Src/serverComm.o
 *(.rodata*)
                0x0000000008003534                . = ALIGN (0x4)
 *fill*         0x0000000008003532        0x2 

.rel.dyn        0x0000000008003534        0x0
 .rel.iplt      0x0000000008003534        0x0 c:/st/stm32cubeide_1.5.0/stm32cubeide/plugins/com.st.stm32cube.ide.mcu.externaltools.gnu-tools-for-stm32.7-2018-q2-update.win32_1.5.0.202011040924/tools/bin/../lib/gcc/arm-none-eabi/7.3.1/thumb/v7-m/crtbegin.o

.ARM.extab      0x0000000008003534        0x0
                0x0000000008003534                . = ALIGN (0x4)
 *(.ARM.extab* .gnu.linkonce.armextab.*)
                0x0000000008003534                . = ALIGN (0x4)

.ARM            0x0000000008003534        0x0
                0x0000000008003534                . = ALIGN (0x4)
                0x0000000008003534                __exidx_start = .
 *(.ARM.exidx*)
                0x0000000008003534                __exidx_end = .
                0x0000000008003534                . = ALIGN (0x4)

.preinit_array  0x0000000008003534        0x0
                0x0000000008003534                . = ALIGN (0x4)
                0x0000000008003534                PROVIDE (__preinit_array_start = .)
 *(.preinit_array*)
                0x0000000008003534                PROVIDE (__preinit_array_end = .)
                0x0000000008003534                . = ALIGN (0x4)

.init_array     0x0000000008003534        0x4
                0x0000000008003534                . = ALIGN (0x4)
                0x0000000008003534                PROVIDE (__init_array_start = .)
 *(SORT_BY_NAME(.init_array.*))
 *(.init_array*)
 .init_array    0x0000000008003534        0x4 c:/st/stm32cubeide_1.5.0/stm32cubeide/plugins/com.st.stm32cube.ide.mcu.externaltools.gnu-tools-for-stm32.7-2018-q2-update.win32_1.5.0.202011040924/tools/bin/../lib/gcc/arm-none-eabi/7.3.1/thumb/v7-m/crtbegin.o
                0x0000000008003538                PROVIDE (__init_array_end = .)
                0x0000000008003538                . = ALIGN (0x4)

.fini_array     0x0000000008003538        0x4
                0x0000000008003538                . = ALIGN (0x4)
                [!provide]                        PROVIDE (__fini_array_start = .)
 *(SORT_BY_NAME(.fini_array.*))
 *(.fini_array*)
 .fini_array    0x0000000008003538        0x4 c:/st/stm32cubeide_1.5.0/stm32cubeide/plugins/com.st.stm32cube.ide.mcu.externaltools.gnu-tools-for-stm32.7-2018-q2-update.win32_1.5.0.202011040924/tools/bin/../lib/gcc/arm-none-eabi/7.3.1/thumb/v7-m/crtbegin.o
                [!provide]                        PROVIDE (__fini_array_end = .)
                0x000000000800353c                . = ALIGN (0x4)
                0x000000000800353c                _sidata = LOADADDR (.data)

.data           0x0000000020000000       0x54 load address 0x000000000800353c
                0x0000000020000000                . = ALIGN (0x4)
                0x0000000020000000                _sdata = .
 *(.data)
 *(.data*)
 .data.GPIO     0x0000000020000000        0xc Core/Src/GPIO.o
 .data.USART_TxPin
                0x000000002000000c        0xc Core/Src/UART.o
 .data.USART_RxPin
                0x0000000020000018        0xc Core/Src/UART.o
 .data.USART_TxPinConfig
                0x0000000020000024        0x2 Core/Src/UART.o
 *fill*         0x0000000020000026        0x2 
 .data.USART_RxPinConfig
                0x0000000020000028        0x2 Core/Src/UART.o
 *fill*         0x000000002000002a        0x2 
 .data.ACCESS_POINT_NAME
                0x000000002000002c        0x4 Core/Src/serverComm.o
 .data.ACCESS_POINT_PASS
                0x0000000020000030        0x4 Core/Src/serverComm.o
 .data.SRVR_IP  0x0000000020000034        0x4 Core/Src/serverComm.o
 .data.SRVR_PORT_NUM
                0x0000000020000038        0x4 Core/Src/serverComm.o
 .data.SRVR_ACK
                0x000000002000003c        0x4 Core/Src/serverComm.o
 .data.SRVR_NAK
                0x0000000020000040        0x4 Core/Src/serverComm.o
 .data.SRVR_APP_DOWNLOAD_REQ
                0x0000000020000044        0x4 Core/Src/serverComm.o
 .data.SRVR_BOOT_DOWNLOAD_REQ
                0x0000000020000048        0x4 Core/Src/serverComm.o
 .data.SRVR_DOWNLOAD_REQ
                0x000000002000004c        0x4 Core/Src/serverComm.o
 .data.uwTickFreq
                0x0000000020000050        0x1 Drivers/STM32F1xx_HAL_Driver/Src/stm32f1xx_hal.o
                0x0000000020000050                uwTickFreq
 *(.RamFunc)
 *(.RamFunc*)
                0x0000000020000054                . = ALIGN (0x4)
 *fill*         0x0000000020000051        0x3 
                0x0000000020000054                _edata = .

.igot.plt       0x0000000020000054        0x0 load address 0x0000000008003590
 .igot.plt      0x0000000020000054        0x0 c:/st/stm32cubeide_1.5.0/stm32cubeide/plugins/com.st.stm32cube.ide.mcu.externaltools.gnu-tools-for-stm32.7-2018-q2-update.win32_1.5.0.202011040924/tools/bin/../lib/gcc/arm-none-eabi/7.3.1/thumb/v7-m/crtbegin.o
                0x0000000020000054                . = ALIGN (0x4)

.bss            0x0000000020000054      0x140 load address 0x0000000008003590
                0x0000000020000054                _sbss = .
                0x0000000020000054                __bss_start__ = _sbss
 *(.bss)
 .bss           0x0000000020000054       0x1c c:/st/stm32cubeide_1.5.0/stm32cubeide/plugins/com.st.stm32cube.ide.mcu.externaltools.gnu-tools-for-stm32.7-2018-q2-update.win32_1.5.0.202011040924/tools/bin/../lib/gcc/arm-none-eabi/7.3.1/thumb/v7-m/crtbegin.o
 *(.bss*)
 .bss.callBack  0x0000000020000070        0x4 Core/Src/CAN.o
 .bss.rxFrame   0x0000000020000074       0x10 Core/Src/ECU_Comm.o
 .bss.newRxFrame
                0x0000000020000084        0x1 Core/Src/ECU_Comm.o
 *fill*         0x0000000020000085        0x3 
 .bss.ESP_RxData
                0x0000000020000088       0x64 Core/Src/ESP.o
 .bss.ESP_RxDataSize
                0x00000000200000ec        0x1 Core/Src/ESP.o
 *fill*         0x00000000200000ed        0x3 
 .bss.callBackFun
                0x00000000200000f0        0x4 Core/Src/ESP.o
 .bss.UART_TxCompleteInterruptCallBackFunction
                0x00000000200000f4        0xc Core/Src/UART.o
 .bss.UART_TxBufferEmptyInterruptCallBackFunction
                0x0000000020000100        0xc Core/Src/UART.o
 .bss.UART_RxInterruptCallBackFunction
                0x000000002000010c        0xc Core/Src/UART.o
 .bss.UART_ParityErrorInterruptCallBackFunction
                0x0000000020000118        0xc Core/Src/UART.o
 .bss.rxDataFromSrvr
                0x0000000020000124       0x64 Core/Src/serverComm.o
 .bss.rxDataSize
                0x0000000020000188        0x1 Core/Src/serverComm.o
 *(COMMON)
 *fill*         0x0000000020000189        0x3 
 COMMON         0x000000002000018c        0x4 Core/Src/ECU_Config.o
                0x000000002000018c                ecusConfig
 COMMON         0x0000000020000190        0x4 Drivers/STM32F1xx_HAL_Driver/Src/stm32f1xx_hal.o
                0x0000000020000190                uwTick
                0x0000000020000194                . = ALIGN (0x4)
                0x0000000020000194                _ebss = .
                0x0000000020000194                __bss_end__ = _ebss

._user_heap_stack
                0x0000000020000194      0x604 load address 0x0000000008003590
                0x0000000020000198                . = ALIGN (0x8)
 *fill*         0x0000000020000194        0x4 
                [!provide]                        PROVIDE (end = .)
                0x0000000020000198                PROVIDE (_end = .)
                0x0000000020000398                . = (. + _Min_Heap_Size)
 *fill*         0x0000000020000198      0x200 
                0x0000000020000798                . = (. + _Min_Stack_Size)
 *fill*         0x0000000020000398      0x400 
                0x0000000020000798                . = ALIGN (0x8)

/DISCARD/
 libc.a(*)
 libm.a(*)
 libgcc.a(*)

.ARM.attributes
                0x0000000000000000       0x29
 *(.ARM.attributes)
 .ARM.attributes
                0x0000000000000000       0x1d c:/st/stm32cubeide_1.5.0/stm32cubeide/plugins/com.st.stm32cube.ide.mcu.externaltools.gnu-tools-for-stm32.7-2018-q2-update.win32_1.5.0.202011040924/tools/bin/../lib/gcc/arm-none-eabi/7.3.1/thumb/v7-m/crti.o
 .ARM.attributes
                0x000000000000001d       0x2d c:/st/stm32cubeide_1.5.0/stm32cubeide/plugins/com.st.stm32cube.ide.mcu.externaltools.gnu-tools-for-stm32.7-2018-q2-update.win32_1.5.0.202011040924/tools/bin/../lib/gcc/arm-none-eabi/7.3.1/thumb/v7-m/crtbegin.o
 .ARM.attributes
                0x000000000000004a       0x33 Core/Src/CAN.o
 .ARM.attributes
                0x000000000000007d       0x33 Core/Src/ECU_Comm.o
 .ARM.attributes
                0x00000000000000b0       0x33 Core/Src/ECU_Config.o
 .ARM.attributes
                0x00000000000000e3       0x33 Core/Src/ESP.o
 .ARM.attributes
                0x0000000000000116       0x33 Core/Src/FPEC.o
 .ARM.attributes
                0x0000000000000149       0x33 Core/Src/GPIO.o
 .ARM.attributes
                0x000000000000017c       0x33 Core/Src/NVIC.o
 .ARM.attributes
                0x00000000000001af       0x33 Core/Src/RCC.o
 .ARM.attributes
                0x00000000000001e2       0x33 Core/Src/UART.o
 .ARM.attributes
                0x0000000000000215       0x33 Core/Src/main.o
 .ARM.attributes
                0x0000000000000248       0x33 Core/Src/serverComm.o
 .ARM.attributes
                0x000000000000027b       0x33 Core/Src/srec.o
 .ARM.attributes
                0x00000000000002ae       0x33 Core/Src/stm32f1xx_it.o
 .ARM.attributes
                0x00000000000002e1       0x33 Core/Src/system_stm32f1xx.o
 .ARM.attributes
                0x0000000000000314       0x21 Core/Startup/startup_stm32f103c8tx.o
 .ARM.attributes
                0x0000000000000335       0x33 Drivers/STM32F1xx_HAL_Driver/Src/stm32f1xx_hal.o
 .ARM.attributes
                0x0000000000000368       0x2d c:/st/stm32cubeide_1.5.0/stm32cubeide/plugins/com.st.stm32cube.ide.mcu.externaltools.gnu-tools-for-stm32.7-2018-q2-update.win32_1.5.0.202011040924/tools/bin/../lib/gcc/arm-none-eabi/7.3.1/../../../../arm-none-eabi/lib/thumb/v7-m\libc_nano.a(lib_a-init.o)
 .ARM.attributes
                0x0000000000000395       0x2d c:/st/stm32cubeide_1.5.0/stm32cubeide/plugins/com.st.stm32cube.ide.mcu.externaltools.gnu-tools-for-stm32.7-2018-q2-update.win32_1.5.0.202011040924/tools/bin/../lib/gcc/arm-none-eabi/7.3.1/../../../../arm-none-eabi/lib/thumb/v7-m\libc_nano.a(lib_a-memset.o)
 .ARM.attributes
                0x00000000000003c2       0x1d c:/st/stm32cubeide_1.5.0/stm32cubeide/plugins/com.st.stm32cube.ide.mcu.externaltools.gnu-tools-for-stm32.7-2018-q2-update.win32_1.5.0.202011040924/tools/bin/../lib/gcc/arm-none-eabi/7.3.1/thumb/v7-m\libgcc.a(_arm_addsubdf3.o)
 .ARM.attributes
                0x00000000000003df       0x1d c:/st/stm32cubeide_1.5.0/stm32cubeide/plugins/com.st.stm32cube.ide.mcu.externaltools.gnu-tools-for-stm32.7-2018-q2-update.win32_1.5.0.202011040924/tools/bin/../lib/gcc/arm-none-eabi/7.3.1/thumb/v7-m\libgcc.a(_arm_muldivdf3.o)
 .ARM.attributes
                0x00000000000003fc       0x1d c:/st/stm32cubeide_1.5.0/stm32cubeide/plugins/com.st.stm32cube.ide.mcu.externaltools.gnu-tools-for-stm32.7-2018-q2-update.win32_1.5.0.202011040924/tools/bin/../lib/gcc/arm-none-eabi/7.3.1/thumb/v7-m\libgcc.a(_arm_fixunsdfsi.o)
 .ARM.attributes
                0x0000000000000419       0x1d c:/st/stm32cubeide_1.5.0/stm32cubeide/plugins/com.st.stm32cube.ide.mcu.externaltools.gnu-tools-for-stm32.7-2018-q2-update.win32_1.5.0.202011040924/tools/bin/../lib/gcc/arm-none-eabi/7.3.1/thumb/v7-m/crtn.o
OUTPUT(FOTA.elf elf32-littlearm)

.debug_info     0x0000000000000000     0x5433
 .debug_info    0x0000000000000000      0xa42 Core/Src/CAN.o
 .debug_info    0x0000000000000a42      0x6ef Core/Src/ECU_Comm.o
 .debug_info    0x0000000000001131      0x1de Core/Src/ECU_Config.o
 .debug_info    0x000000000000130f      0x68b Core/Src/ESP.o
 .debug_info    0x000000000000199a      0x699 Core/Src/FPEC.o
 .debug_info    0x0000000000002033      0x556 Core/Src/GPIO.o
 .debug_info    0x0000000000002589      0x845 Core/Src/NVIC.o
 .debug_info    0x0000000000002dce      0x23a Core/Src/RCC.o
 .debug_info    0x0000000000003008      0x856 Core/Src/UART.o
 .debug_info    0x000000000000385e      0x5cf Core/Src/main.o
 .debug_info    0x0000000000003e2d      0x585 Core/Src/serverComm.o
 .debug_info    0x00000000000043b2      0x4a7 Core/Src/srec.o
 .debug_info    0x0000000000004859      0x20a Core/Src/stm32f1xx_it.o
 .debug_info    0x0000000000004a63      0x29a Core/Src/system_stm32f1xx.o
 .debug_info    0x0000000000004cfd       0x22 Core/Startup/startup_stm32f103c8tx.o
 .debug_info    0x0000000000004d1f      0x714 Drivers/STM32F1xx_HAL_Driver/Src/stm32f1xx_hal.o

.debug_abbrev   0x0000000000000000     0x1825
 .debug_abbrev  0x0000000000000000      0x227 Core/Src/CAN.o
 .debug_abbrev  0x0000000000000227      0x1ef Core/Src/ECU_Comm.o
 .debug_abbrev  0x0000000000000416      0x10f Core/Src/ECU_Config.o
 .debug_abbrev  0x0000000000000525      0x1bf Core/Src/ESP.o
 .debug_abbrev  0x00000000000006e4      0x1fc Core/Src/FPEC.o
 .debug_abbrev  0x00000000000008e0      0x1d9 Core/Src/GPIO.o
 .debug_abbrev  0x0000000000000ab9      0x1ec Core/Src/NVIC.o
 .debug_abbrev  0x0000000000000ca5       0xf5 Core/Src/RCC.o
 .debug_abbrev  0x0000000000000d9a      0x1c6 Core/Src/UART.o
 .debug_abbrev  0x0000000000000f60      0x194 Core/Src/main.o
 .debug_abbrev  0x00000000000010f4      0x19f Core/Src/serverComm.o
 .debug_abbrev  0x0000000000001293      0x1bf Core/Src/srec.o
 .debug_abbrev  0x0000000000001452       0xc6 Core/Src/stm32f1xx_it.o
 .debug_abbrev  0x0000000000001518      0x134 Core/Src/system_stm32f1xx.o
 .debug_abbrev  0x000000000000164c       0x12 Core/Startup/startup_stm32f103c8tx.o
 .debug_abbrev  0x000000000000165e      0x1c7 Drivers/STM32F1xx_HAL_Driver/Src/stm32f1xx_hal.o

.debug_aranges  0x0000000000000000      0x578
 .debug_aranges
                0x0000000000000000       0x40 Core/Src/CAN.o
 .debug_aranges
                0x0000000000000040       0x50 Core/Src/ECU_Comm.o
 .debug_aranges
                0x0000000000000090       0x28 Core/Src/ECU_Config.o
 .debug_aranges
                0x00000000000000b8       0x80 Core/Src/ESP.o
 .debug_aranges
                0x0000000000000138       0x90 Core/Src/FPEC.o
 .debug_aranges
                0x00000000000001c8       0x50 Core/Src/GPIO.o
 .debug_aranges
                0x0000000000000218       0x68 Core/Src/NVIC.o
 .debug_aranges
                0x0000000000000280       0x38 Core/Src/RCC.o
 .debug_aranges
                0x00000000000002b8       0x60 Core/Src/UART.o
 .debug_aranges
                0x0000000000000318       0x40 Core/Src/main.o
 .debug_aranges
                0x0000000000000358       0x50 Core/Src/serverComm.o
 .debug_aranges
                0x00000000000003a8       0x40 Core/Src/srec.o
 .debug_aranges
                0x00000000000003e8       0x60 Core/Src/stm32f1xx_it.o
 .debug_aranges
                0x0000000000000448       0x28 Core/Src/system_stm32f1xx.o
 .debug_aranges
                0x0000000000000470       0x28 Core/Startup/startup_stm32f103c8tx.o
 .debug_aranges
                0x0000000000000498       0xe0 Drivers/STM32F1xx_HAL_Driver/Src/stm32f1xx_hal.o

.debug_ranges   0x0000000000000000      0x498
 .debug_ranges  0x0000000000000000       0x30 Core/Src/CAN.o
 .debug_ranges  0x0000000000000030       0x40 Core/Src/ECU_Comm.o
 .debug_ranges  0x0000000000000070       0x18 Core/Src/ECU_Config.o
 .debug_ranges  0x0000000000000088       0x70 Core/Src/ESP.o
 .debug_ranges  0x00000000000000f8       0x98 Core/Src/FPEC.o
 .debug_ranges  0x0000000000000190       0x40 Core/Src/GPIO.o
 .debug_ranges  0x00000000000001d0       0x58 Core/Src/NVIC.o
 .debug_ranges  0x0000000000000228       0x28 Core/Src/RCC.o
 .debug_ranges  0x0000000000000250       0x50 Core/Src/UART.o
 .debug_ranges  0x00000000000002a0       0x30 Core/Src/main.o
 .debug_ranges  0x00000000000002d0       0x40 Core/Src/serverComm.o
 .debug_ranges  0x0000000000000310       0x30 Core/Src/srec.o
 .debug_ranges  0x0000000000000340       0x50 Core/Src/stm32f1xx_it.o
 .debug_ranges  0x0000000000000390       0x18 Core/Src/system_stm32f1xx.o
 .debug_ranges  0x00000000000003a8       0x20 Core/Startup/startup_stm32f103c8tx.o
 .debug_ranges  0x00000000000003c8       0xd0 Drivers/STM32F1xx_HAL_Driver/Src/stm32f1xx_hal.o

.debug_macro    0x0000000000000000    0x1130e
 .debug_macro   0x0000000000000000      0x108 Core/Src/CAN.o
 .debug_macro   0x0000000000000108      0xa5a Core/Src/CAN.o
 .debug_macro   0x0000000000000b62       0x22 Core/Src/CAN.o
 .debug_macro   0x0000000000000b84       0x22 Core/Src/CAN.o
 .debug_macro   0x0000000000000ba6       0x8e Core/Src/CAN.o
 .debug_macro   0x0000000000000c34       0x51 Core/Src/CAN.o
 .debug_macro   0x0000000000000c85       0xef Core/Src/CAN.o
 .debug_macro   0x0000000000000d74       0x6a Core/Src/CAN.o
 .debug_macro   0x0000000000000dde      0x1df Core/Src/CAN.o
 .debug_macro   0x0000000000000fbd       0x1c Core/Src/CAN.o
 .debug_macro   0x0000000000000fd9       0x22 Core/Src/CAN.o
 .debug_macro   0x0000000000000ffb       0xc3 Core/Src/CAN.o
 .debug_macro   0x00000000000010be      0xd23 Core/Src/CAN.o
 .debug_macro   0x0000000000001de1     0xe09e Core/Src/CAN.o
 .debug_macro   0x000000000000fe7f       0x52 Core/Src/CAN.o
 .debug_macro   0x000000000000fed1       0x22 Core/Src/CAN.o
 .debug_macro   0x000000000000fef3       0x22 Core/Src/CAN.o
 .debug_macro   0x000000000000ff15       0x28 Core/Src/CAN.o
 .debug_macro   0x000000000000ff3d      0x2f2 Core/Src/CAN.o
 .debug_macro   0x000000000001022f      0x131 Core/Src/ECU_Comm.o
 .debug_macro   0x0000000000010360       0x46 Core/Src/ECU_Comm.o
 .debug_macro   0x00000000000103a6       0xf9 Core/Src/ECU_Config.o
 .debug_macro   0x000000000001049f       0x40 Core/Src/ECU_Config.o
 .debug_macro   0x00000000000104df      0x127 Core/Src/ESP.o
 .debug_macro   0x0000000000010606       0x16 Core/Src/ESP.o
 .debug_macro   0x000000000001061c       0xf6 Core/Src/FPEC.o
 .debug_macro   0x0000000000010712       0xf4 Core/Src/GPIO.o
 .debug_macro   0x0000000000010806       0xc9 Core/Src/NVIC.o
 .debug_macro   0x00000000000108cf       0xea Core/Src/RCC.o
 .debug_macro   0x00000000000109b9      0x10d Core/Src/UART.o
 .debug_macro   0x0000000000010ac6      0x158 Core/Src/main.o
 .debug_macro   0x0000000000010c1e      0x12e Core/Src/serverComm.o
 .debug_macro   0x0000000000010d4c       0xfe Core/Src/srec.o
 .debug_macro   0x0000000000010e4a      0x198 Core/Src/stm32f1xx_it.o
 .debug_macro   0x0000000000010fe2      0x184 Core/Src/system_stm32f1xx.o
 .debug_macro   0x0000000000011166      0x1a8 Drivers/STM32F1xx_HAL_Driver/Src/stm32f1xx_hal.o

.debug_line     0x0000000000000000     0x5b56
 .debug_line    0x0000000000000000      0x6b5 Core/Src/CAN.o
 .debug_line    0x00000000000006b5      0x62d Core/Src/ECU_Comm.o
 .debug_line    0x0000000000000ce2      0x51c Core/Src/ECU_Config.o
 .debug_line    0x00000000000011fe      0x620 Core/Src/ESP.o
 .debug_line    0x000000000000181e      0x650 Core/Src/FPEC.o
 .debug_line    0x0000000000001e6e      0x576 Core/Src/GPIO.o
 .debug_line    0x00000000000023e4      0x548 Core/Src/NVIC.o
 .debug_line    0x000000000000292c      0x501 Core/Src/RCC.o
 .debug_line    0x0000000000002e2d      0x60f Core/Src/UART.o
 .debug_line    0x000000000000343c      0x5a6 Core/Src/main.o
 .debug_line    0x00000000000039e2      0x5f6 Core/Src/serverComm.o
 .debug_line    0x0000000000003fd8      0x5c2 Core/Src/srec.o
 .debug_line    0x000000000000459a      0x6d6 Core/Src/stm32f1xx_it.o
 .debug_line    0x0000000000004c70      0x656 Core/Src/system_stm32f1xx.o
 .debug_line    0x00000000000052c6       0x87 Core/Startup/startup_stm32f103c8tx.o
 .debug_line    0x000000000000534d      0x809 Drivers/STM32F1xx_HAL_Driver/Src/stm32f1xx_hal.o

.debug_str      0x0000000000000000    0x7d75b
 .debug_str     0x0000000000000000    0x54f3e Core/Src/CAN.o
                                      0x55208 (size before relaxing)
 .debug_str     0x0000000000054f3e      0x595 Core/Src/ECU_Comm.o
                                      0x550b9 (size before relaxing)
 .debug_str     0x00000000000554d3       0x89 Core/Src/ECU_Config.o
                                      0x54cfb (size before relaxing)
 .debug_str     0x000000000005555c      0x454 Core/Src/ESP.o
                                      0x54e49 (size before relaxing)
 .debug_str     0x00000000000559b0      0x229 Core/Src/FPEC.o
                                      0x54bdc (size before relaxing)
 .debug_str     0x0000000000055bd9      0x124 Core/Src/GPIO.o
                                      0x54d1d (size before relaxing)
 .debug_str     0x0000000000055cfd      0x3a9 Core/Src/NVIC.o
                                      0x54640 (size before relaxing)
 .debug_str     0x00000000000560a6       0xb3 Core/Src/RCC.o
                                      0x54a53 (size before relaxing)
 .debug_str     0x0000000000056159      0x191 Core/Src/UART.o
                                      0x552da (size before relaxing)
 .debug_str     0x00000000000562ea       0xa6 Core/Src/main.o
                                      0x551c2 (size before relaxing)
 .debug_str     0x0000000000056390      0x21a Core/Src/serverComm.o
                                      0x54f80 (size before relaxing)
 .debug_str     0x00000000000565aa      0x1a3 Core/Src/srec.o
                                      0x54c98 (size before relaxing)
 .debug_str     0x000000000005674d    0x26c6b Core/Src/stm32f1xx_it.o
                                      0x7abd9 (size before relaxing)
 .debug_str     0x000000000007d3b8       0x52 Core/Src/system_stm32f1xx.o
                                      0x7aba9 (size before relaxing)
 .debug_str     0x000000000007d40a       0x36 Core/Startup/startup_stm32f103c8tx.o
                                         0x86 (size before relaxing)
 .debug_str     0x000000000007d440      0x31b Drivers/STM32F1xx_HAL_Driver/Src/stm32f1xx_hal.o
                                      0x7b23a (size before relaxing)

.comment        0x0000000000000000       0x7b
 .comment       0x0000000000000000       0x7b Core/Src/CAN.o
                                         0x7c (size before relaxing)
 .comment       0x000000000000007b       0x7c Core/Src/ECU_Comm.o
 .comment       0x000000000000007b       0x7c Core/Src/ECU_Config.o
 .comment       0x000000000000007b       0x7c Core/Src/ESP.o
 .comment       0x000000000000007b       0x7c Core/Src/FPEC.o
 .comment       0x000000000000007b       0x7c Core/Src/GPIO.o
 .comment       0x000000000000007b       0x7c Core/Src/NVIC.o
 .comment       0x000000000000007b       0x7c Core/Src/RCC.o
 .comment       0x000000000000007b       0x7c Core/Src/UART.o
 .comment       0x000000000000007b       0x7c Core/Src/main.o
 .comment       0x000000000000007b       0x7c Core/Src/serverComm.o
 .comment       0x000000000000007b       0x7c Core/Src/srec.o
 .comment       0x000000000000007b       0x7c Core/Src/stm32f1xx_it.o
 .comment       0x000000000000007b       0x7c Core/Src/system_stm32f1xx.o
 .comment       0x000000000000007b       0x7c Drivers/STM32F1xx_HAL_Driver/Src/stm32f1xx_hal.o

.debug_frame    0x0000000000000000     0x1388
 .debug_frame   0x0000000000000000       0xcc Core/Src/CAN.o
 .debug_frame   0x00000000000000cc      0x108 Core/Src/ECU_Comm.o
 .debug_frame   0x00000000000001d4       0x5c Core/Src/ECU_Config.o
 .debug_frame   0x0000000000000230      0x1e8 Core/Src/ESP.o
 .debug_frame   0x0000000000000418      0x22c Core/Src/FPEC.o
 .debug_frame   0x0000000000000644      0x124 Core/Src/GPIO.o
 .debug_frame   0x0000000000000768      0x198 Core/Src/NVIC.o
 .debug_frame   0x0000000000000900       0xa4 Core/Src/RCC.o
 .debug_frame   0x00000000000009a4      0x148 Core/Src/UART.o
 .debug_frame   0x0000000000000aec       0xc8 Core/Src/main.o
 .debug_frame   0x0000000000000bb4      0x104 Core/Src/serverComm.o
 .debug_frame   0x0000000000000cb8       0xd4 Core/Src/srec.o
 .debug_frame   0x0000000000000d8c      0x104 Core/Src/stm32f1xx_it.o
 .debug_frame   0x0000000000000e90       0x58 Core/Src/system_stm32f1xx.o
 .debug_frame   0x0000000000000ee8      0x334 Drivers/STM32F1xx_HAL_Driver/Src/stm32f1xx_hal.o
 .debug_frame   0x000000000000121c       0x2c c:/st/stm32cubeide_1.5.0/stm32cubeide/plugins/com.st.stm32cube.ide.mcu.externaltools.gnu-tools-for-stm32.7-2018-q2-update.win32_1.5.0.202011040924/tools/bin/../lib/gcc/arm-none-eabi/7.3.1/../../../../arm-none-eabi/lib/thumb/v7-m\libc_nano.a(lib_a-init.o)
 .debug_frame   0x0000000000001248       0x20 c:/st/stm32cubeide_1.5.0/stm32cubeide/plugins/com.st.stm32cube.ide.mcu.externaltools.gnu-tools-for-stm32.7-2018-q2-update.win32_1.5.0.202011040924/tools/bin/../lib/gcc/arm-none-eabi/7.3.1/../../../../arm-none-eabi/lib/thumb/v7-m\libc_nano.a(lib_a-memset.o)
 .debug_frame   0x0000000000001268       0xac c:/st/stm32cubeide_1.5.0/stm32cubeide/plugins/com.st.stm32cube.ide.mcu.externaltools.gnu-tools-for-stm32.7-2018-q2-update.win32_1.5.0.202011040924/tools/bin/../lib/gcc/arm-none-eabi/7.3.1/thumb/v7-m\libgcc.a(_arm_addsubdf3.o)
 .debug_frame   0x0000000000001314       0x50 c:/st/stm32cubeide_1.5.0/stm32cubeide/plugins/com.st.stm32cube.ide.mcu.externaltools.gnu-tools-for-stm32.7-2018-q2-update.win32_1.5.0.202011040924/tools/bin/../lib/gcc/arm-none-eabi/7.3.1/thumb/v7-m\libgcc.a(_arm_muldivdf3.o)
 .debug_frame   0x0000000000001364       0x24 c:/st/stm32cubeide_1.5.0/stm32cubeide/plugins/com.st.stm32cube.ide.mcu.externaltools.gnu-tools-for-stm32.7-2018-q2-update.win32_1.5.0.202011040924/tools/bin/../lib/gcc/arm-none-eabi/7.3.1/thumb/v7-m\libgcc.a(_arm_fixunsdfsi.o)
