Archive member included to satisfy reference by file (symbol)

c:/st/stm32cubeide_1.5.0/stm32cubeide/plugins/com.st.stm32cube.ide.mcu.externaltools.gnu-tools-for-stm32.7-2018-q2-update.win32_1.5.0.202011040924/tools/bin/../lib/gcc/arm-none-eabi/7.3.1/../../../../arm-none-eabi/lib/thumb/v7-m\libc_nano.a(lib_a-errno.o)
                              Core/Src/syscalls.o (__errno)
c:/st/stm32cubeide_1.5.0/stm32cubeide/plugins/com.st.stm32cube.ide.mcu.externaltools.gnu-tools-for-stm32.7-2018-q2-update.win32_1.5.0.202011040924/tools/bin/../lib/gcc/arm-none-eabi/7.3.1/../../../../arm-none-eabi/lib/thumb/v7-m\libc_nano.a(lib_a-exit.o)
                              c:/st/stm32cubeide_1.5.0/stm32cubeide/plugins/com.st.stm32cube.ide.mcu.externaltools.gnu-tools-for-stm32.7-2018-q2-update.win32_1.5.0.202011040924/tools/bin/../lib/gcc/arm-none-eabi/7.3.1/../../../../arm-none-eabi/lib/thumb/v7-m/crt0.o (exit)
c:/st/stm32cubeide_1.5.0/stm32cubeide/plugins/com.st.stm32cube.ide.mcu.externaltools.gnu-tools-for-stm32.7-2018-q2-update.win32_1.5.0.202011040924/tools/bin/../lib/gcc/arm-none-eabi/7.3.1/../../../../arm-none-eabi/lib/thumb/v7-m\libc_nano.a(lib_a-impure.o)
                              c:/st/stm32cubeide_1.5.0/stm32cubeide/plugins/com.st.stm32cube.ide.mcu.externaltools.gnu-tools-for-stm32.7-2018-q2-update.win32_1.5.0.202011040924/tools/bin/../lib/gcc/arm-none-eabi/7.3.1/../../../../arm-none-eabi/lib/thumb/v7-m\libc_nano.a(lib_a-exit.o) (_global_impure_ptr)
c:/st/stm32cubeide_1.5.0/stm32cubeide/plugins/com.st.stm32cube.ide.mcu.externaltools.gnu-tools-for-stm32.7-2018-q2-update.win32_1.5.0.202011040924/tools/bin/../lib/gcc/arm-none-eabi/7.3.1/../../../../arm-none-eabi/lib/thumb/v7-m\libc_nano.a(lib_a-init.o)
                              c:/st/stm32cubeide_1.5.0/stm32cubeide/plugins/com.st.stm32cube.ide.mcu.externaltools.gnu-tools-for-stm32.7-2018-q2-update.win32_1.5.0.202011040924/tools/bin/../lib/gcc/arm-none-eabi/7.3.1/../../../../arm-none-eabi/lib/thumb/v7-m/crt0.o (__libc_init_array)
c:/st/stm32cubeide_1.5.0/stm32cubeide/plugins/com.st.stm32cube.ide.mcu.externaltools.gnu-tools-for-stm32.7-2018-q2-update.win32_1.5.0.202011040924/tools/bin/../lib/gcc/arm-none-eabi/7.3.1/../../../../arm-none-eabi/lib/thumb/v7-m\libc_nano.a(lib_a-memset.o)
                              c:/st/stm32cubeide_1.5.0/stm32cubeide/plugins/com.st.stm32cube.ide.mcu.externaltools.gnu-tools-for-stm32.7-2018-q2-update.win32_1.5.0.202011040924/tools/bin/../lib/gcc/arm-none-eabi/7.3.1/../../../../arm-none-eabi/lib/thumb/v7-m/crt0.o (memset)

Allocating common symbols
Common symbol       size              file

uwTick              0x4               Drivers/STM32F1xx_HAL_Driver/Src/stm32f1xx_hal.o
pFlash              0x20              Drivers/STM32F1xx_HAL_Driver/Src/stm32f1xx_hal_flash.o

Discarded input sections

 .text          0x0000000000000000        0x0 c:/st/stm32cubeide_1.5.0/stm32cubeide/plugins/com.st.stm32cube.ide.mcu.externaltools.gnu-tools-for-stm32.7-2018-q2-update.win32_1.5.0.202011040924/tools/bin/../lib/gcc/arm-none-eabi/7.3.1/thumb/v7-m/crti.o
 .data          0x0000000000000000        0x0 c:/st/stm32cubeide_1.5.0/stm32cubeide/plugins/com.st.stm32cube.ide.mcu.externaltools.gnu-tools-for-stm32.7-2018-q2-update.win32_1.5.0.202011040924/tools/bin/../lib/gcc/arm-none-eabi/7.3.1/thumb/v7-m/crti.o
 .bss           0x0000000000000000        0x0 c:/st/stm32cubeide_1.5.0/stm32cubeide/plugins/com.st.stm32cube.ide.mcu.externaltools.gnu-tools-for-stm32.7-2018-q2-update.win32_1.5.0.202011040924/tools/bin/../lib/gcc/arm-none-eabi/7.3.1/thumb/v7-m/crti.o
 .data          0x0000000000000000        0x4 c:/st/stm32cubeide_1.5.0/stm32cubeide/plugins/com.st.stm32cube.ide.mcu.externaltools.gnu-tools-for-stm32.7-2018-q2-update.win32_1.5.0.202011040924/tools/bin/../lib/gcc/arm-none-eabi/7.3.1/thumb/v7-m/crtbegin.o
 .text          0x0000000000000000       0x74 c:/st/stm32cubeide_1.5.0/stm32cubeide/plugins/com.st.stm32cube.ide.mcu.externaltools.gnu-tools-for-stm32.7-2018-q2-update.win32_1.5.0.202011040924/tools/bin/../lib/gcc/arm-none-eabi/7.3.1/../../../../arm-none-eabi/lib/thumb/v7-m/crt0.o
 .data          0x0000000000000000        0x0 c:/st/stm32cubeide_1.5.0/stm32cubeide/plugins/com.st.stm32cube.ide.mcu.externaltools.gnu-tools-for-stm32.7-2018-q2-update.win32_1.5.0.202011040924/tools/bin/../lib/gcc/arm-none-eabi/7.3.1/../../../../arm-none-eabi/lib/thumb/v7-m/crt0.o
 .bss           0x0000000000000000        0x0 c:/st/stm32cubeide_1.5.0/stm32cubeide/plugins/com.st.stm32cube.ide.mcu.externaltools.gnu-tools-for-stm32.7-2018-q2-update.win32_1.5.0.202011040924/tools/bin/../lib/gcc/arm-none-eabi/7.3.1/../../../../arm-none-eabi/lib/thumb/v7-m/crt0.o
 .ARM.extab     0x0000000000000000        0x0 c:/st/stm32cubeide_1.5.0/stm32cubeide/plugins/com.st.stm32cube.ide.mcu.externaltools.gnu-tools-for-stm32.7-2018-q2-update.win32_1.5.0.202011040924/tools/bin/../lib/gcc/arm-none-eabi/7.3.1/../../../../arm-none-eabi/lib/thumb/v7-m/crt0.o
[...]
Memory Configuration

Name             Origin             Length             Attributes
RAM              0x0000000020000000 0x0000000000005000 xrw
FLASH            0x0000000008007000 0x000000000000c800 xr
*default*        0x0000000000000000 0xffffffffffffffff

Linker script and memory map

LOAD c:/st/stm32cubeide_1.5.0/stm32cubeide/plugins/com.st.stm32cube.ide.mcu.externaltools.gnu-tools-for-stm32.7-2018-q2-update.win32_1.5.0.202011040924/tools/bin/../lib/gcc/arm-none-eabi/7.3.1/thumb/v7-m/crti.o
LOAD c:/st/stm32cubeide_1.5.0/stm32cubeide/plugins/com.st.stm32cube.ide.mcu.externaltools.gnu-tools-for-stm32.7-2018-q2-update.win32_1.5.0.202011040924/tools/bin/../lib/gcc/arm-none-eabi/7.3.1/thumb/v7-m/crtbegin.o
LOAD c:/st/stm32cubeide_1.5.0/stm32cubeide/plugins/com.st.stm32cube.ide.mcu.externaltools.gnu-tools-for-stm32.7-2018-q2-update.win32_1.5.0.202011040924/tools/bin/../lib/gcc/arm-none-eabi/7.3.1/../../../../arm-none-eabi/lib/thumb/v7-m/crt0.o
LOAD Core/Src/CAN.o
LOAD Core/Src/ECU_Config.o
LOAD Core/Src/FPEC.o
LOAD Core/Src/GPIO.o
LOAD Core/Src/NVIC.o
LOAD Core/Src/RCC.o
LOAD Core/Src/main.o
LOAD Core/Src/stm32f1xx_hal_msp.o
LOAD Core/Src/stm32f1xx_it.o
LOAD Core/Src/syscalls.o
LOAD Core/Src/sysmem.o
LOAD Core/Src/system_stm32f1xx.o
LOAD Core/Src/updates.o
LOAD Core/Startup/startup_stm32f103c8tx.o
LOAD Drivers/STM32F1xx_HAL_Driver/Src/stm32f1xx_hal.o
LOAD Drivers/STM32F1xx_HAL_Driver/Src/stm32f1xx_hal_cortex.o
LOAD Drivers/STM32F1xx_HAL_Driver/Src/stm32f1xx_hal_dma.o
LOAD Drivers/STM32F1xx_HAL_Driver/Src/stm32f1xx_hal_exti.o
LOAD Drivers/STM32F1xx_HAL_Driver/Src/stm32f1xx_hal_flash.o
LOAD Drivers/STM32F1xx_HAL_Driver/Src/stm32f1xx_hal_flash_ex.o
LOAD Drivers/STM32F1xx_HAL_Driver/Src/stm32f1xx_hal_gpio.o
LOAD Drivers/STM32F1xx_HAL_Driver/Src/stm32f1xx_hal_gpio_ex.o
LOAD Drivers/STM32F1xx_HAL_Driver/Src/stm32f1xx_hal_pwr.o
LOAD Drivers/STM32F1xx_HAL_Driver/Src/stm32f1xx_hal_rcc.o
LOAD Drivers/STM32F1xx_HAL_Driver/Src/stm32f1xx_hal_rcc_ex.o
LOAD Drivers/STM32F1xx_HAL_Driver/Src/stm32f1xx_hal_tim.o
LOAD Drivers/STM32F1xx_HAL_Driver/Src/stm32f1xx_hal_tim_ex.o
START GROUP
LOAD c:/st/stm32cubeide_1.5.0/stm32cubeide/plugins/com.st.stm32cube.ide.mcu.externaltools.gnu-tools-for-stm32.7-2018-q2-update.win32_1.5.0.202011040924/tools/bin/../lib/gcc/arm-none-eabi/7.3.1/../../../../arm-none-eabi/lib/thumb/v7-m\libc_nano.a
LOAD c:/st/stm32cubeide_1.5.0/stm32cubeide/plugins/com.st.stm32cube.ide.mcu.externaltools.gnu-tools-for-stm32.7-2018-q2-update.win32_1.5.0.202011040924/tools/bin/../lib/gcc/arm-none-eabi/7.3.1/../../../../arm-none-eabi/lib/thumb/v7-m\libm.a
END GROUP
START GROUP
LOAD c:/st/stm32cubeide_1.5.0/stm32cubeide/plugins/com.st.stm32cube.ide.mcu.externaltools.gnu-tools-for-stm32.7-2018-q2-update.win32_1.5.0.202011040924/tools/bin/../lib/gcc/arm-none-eabi/7.3.1/thumb/v7-m\libgcc.a
LOAD c:/st/stm32cubeide_1.5.0/stm32cubeide/plugins/com.st.stm32cube.ide.mcu.externaltools.gnu-tools-for-stm32.7-2018-q2-update.win32_1.5.0.202011040924/tools/bin/../lib/gcc/arm-none-eabi/7.3.1/../../../../arm-none-eabi/lib/thumb/v7-m\libc_nano.a
END GROUP
START GROUP
LOAD c:/st/stm32cubeide_1.5.0/stm32cubeide/plugins/com.st.stm32cube.ide.mcu.externaltools.gnu-tools-for-stm32.7-2018-q2-update.win32_1.5.0.202011040924/tools/bin/../lib/gcc/arm-none-eabi/7.3.1/thumb/v7-m\libgcc.a
LOAD c:/st/stm32cubeide_1.5.0/stm32cubeide/plugins/com.st.stm32cube.ide.mcu.externaltools.gnu-tools-for-stm32.7-2018-q2-update.win32_1.5.0.202011040924/tools/bin/../lib/gcc/arm-none-eabi/7.3.1/../../../../arm-none-eabi/lib/thumb/v7-m\libc_nano.a
LOAD c:/st/stm32cubeide_1.5.0/stm32cubeide/plugins/com.st.stm32cube.ide.mcu.externaltools.gnu-tools-for-stm32.7-2018-q2-update.win32_1.5.0.202011040924/tools/bin/../lib/gcc/arm-none-eabi/7.3.1/../../../../arm-none-eabi/lib/thumb/v7-m\libnosys.a
END GROUP
START GROUP
LOAD c:/st/stm32cubeide_1.5.0/stm32cubeide/plugins/com.st.stm32cube.ide.mcu.externaltools.gnu-tools-for-stm32.7-2018-q2-update.win32_1.5.0.202011040924/tools/bin/../lib/gcc/arm-none-eabi/7.3.1/thumb/v7-m\libgcc.a
LOAD c:/st/stm32cubeide_1.5.0/stm32cubeide/plugins/com.st.stm32cube.ide.mcu.externaltools.gnu-tools-for-stm32.7-2018-q2-update.win32_1.5.0.202011040924/tools/bin/../lib/gcc/arm-none-eabi/7.3.1/../../../../arm-none-eabi/lib/thumb/v7-m\libc_nano.a
LOAD c:/st/stm32cubeide_1.5.0/stm32cubeide/plugins/com.st.stm32cube.ide.mcu.externaltools.gnu-tools-for-stm32.7-2018-q2-update.win32_1.5.0.202011040924/tools/bin/../lib/gcc/arm-none-eabi/7.3.1/../../../../arm-none-eabi/lib/thumb/v7-m\libnosys.a
END GROUP
LOAD c:/st/stm32cubeide_1.5.0/stm32cubeide/plugins/com.st.stm32cube.ide.mcu.externaltools.gnu-tools-for-stm32.7-2018-q2-update.win32_1.5.0.202011040924/tools/bin/../lib/gcc/arm-none-eabi/7.3.1/thumb/v7-m/crtend.o
LOAD c:/st/stm32cubeide_1.5.0/stm32cubeide/plugins/com.st.stm32cube.ide.mcu.externaltools.gnu-tools-for-stm32.7-2018-q2-update.win32_1.5.0.202011040924/tools/bin/../lib/gcc/arm-none-eabi/7.3.1/thumb/v7-m/crtn.o
                0x0000000020005000                _estack = (ORIGIN (RAM) + LENGTH (RAM))
                0x0000000000000200                _Min_Heap_Size = 0x200
                0x0000000000000400                _Min_Stack_Size = 0x400

.isr_vector     0x0000000008007000      0x10c
                0x0000000008007000                . = ALIGN (0x4)
 *(.isr_vector)
 .isr_vector    0x0000000008007000      0x10c Core/Startup/startup_stm32f103c8tx.o
                0x0000000008007000                g_pfnVectors
                0x000000000800710c                . = ALIGN (0x4)

.text           0x000000000800710c     0x1608
                0x000000000800710c                . = ALIGN (0x4)
 *(.text)
 .text          0x000000000800710c       0x40 c:/st/stm32cubeide_1.5.0/stm32cubeide/plugins/com.st.stm32cube.ide.mcu.externaltools.gnu-tools-for-stm32.7-2018-q2-update.win32_1.5.0.202011040924/tools/bin/../lib/gcc/arm-none-eabi/7.3.1/thumb/v7-m/crtbegin.o
 *(.text*)
 .text.USB_LP_CAN1_RX0_IRQHandler
                0x000000000800714c       0x1c Core/Src/CAN.o
                0x000000000800714c                USB_LP_CAN1_RX0_IRQHandler
 .text.CAN_Init
                0x0000000008007168      0x1a4 Core/Src/CAN.o
                0x0000000008007168                CAN_Init
 .text.CAN_InitFilterBank
                0x000000000800730c      0x4e4 Core/Src/CAN.o
                0x000000000800730c                CAN_InitFilterBank
 .text.CAN_Tx   0x00000000080077f0      0x1f0 Core/Src/CAN.o
                0x00000000080077f0                CAN_Tx
 .text.CAN_Rx   0x00000000080079e0      0x17c Core/Src/CAN.o
                0x00000000080079e0                CAN_Rx
 .text.ECU_ConfigActivateBoot
                0x0000000008007b5c       0x16 Core/Src/ECU_Config.o
                0x0000000008007b5c                ECU_ConfigActivateBoot
 *fill*         0x0000000008007b72        0x2 
 .text.FPEC_UnlockFlash
                0x0000000008007b74       0x24 Core/Src/FPEC.o
 .text.FPEC_LockFlash
                0x0000000008007b98       0x1c Core/Src/FPEC.o
 .text.FPEC_CheckErrors
                0x0000000008007bb4       0x50 Core/Src/FPEC.o
 .text.FPEC_DirectWriteHalfWord
                0x0000000008007c04       0xac Core/Src/FPEC.o
                0x0000000008007c04                FPEC_DirectWriteHalfWord
 .text.FPEC_InitFlash
                0x0000000008007cb0       0x40 Core/Src/FPEC.o
                0x0000000008007cb0                FPEC_InitFlash
 .text.FPEC_ErasePage
                0x0000000008007cf0       0x94 Core/Src/FPEC.o
                0x0000000008007cf0                FPEC_ErasePage
 .text.FPEC_WritePage
                0x0000000008007d84       0x6a Core/Src/FPEC.o
                0x0000000008007d84                FPEC_WritePage
 .text.FPEC_ReadPage
                0x0000000008007dee       0x46 Core/Src/FPEC.o
                0x0000000008007dee                FPEC_ReadPage
 .text.FPEC_ReadHalfWord
                0x0000000008007e34       0x44 Core/Src/FPEC.o
                0x0000000008007e34                FPEC_ReadHalfWord
 .text.FPEC_WriteByte
                0x0000000008007e78       0xf4 Core/Src/FPEC.o
                0x0000000008007e78                FPEC_WriteByte
 .text.GPIO_InitPin
                0x0000000008007f6c       0xd4 Core/Src/GPIO.o
 .text.GPIO_GetNewValueOfCR
                0x0000000008008040      0x100 Core/Src/GPIO.o
 .text.GPIO_InitPins
                0x0000000008008140       0x76 Core/Src/GPIO.o
                0x0000000008008140                GPIO_InitPins
 *fill*         0x00000000080081b6        0x2 
 .text.GPIO_SetPinsOutputVoltage
                0x00000000080081b8       0x54 Core/Src/GPIO.o
                0x00000000080081b8                GPIO_SetPinsOutputVoltage
 .text.NVIC_EnableInterrupt
                0x000000000800820c       0x74 Core/Src/NVIC.o
                0x000000000800820c                NVIC_EnableInterrupt
 .text.NVIC_ResetSystem
                0x0000000008008280       0x1c Core/Src/NVIC.o
                0x0000000008008280                NVIC_ResetSystem
 .text.NVIC_MaskIRQs
                0x000000000800829c       0x28 Core/Src/NVIC.o
                0x000000000800829c                NVIC_MaskIRQs
 .text.NVIC_UnMaskIRQs
                0x00000000080082c4       0x1a Core/Src/NVIC.o
                0x00000000080082c4                NVIC_UnMaskIRQs
 *fill*         0x00000000080082de        0x2 
 .text.RCC_InitClock
                0x00000000080082e0       0xac Core/Src/RCC.o
                0x00000000080082e0                RCC_InitClock
 .text.RCC_EnablePeripheralClock
                0x000000000800838c       0x68 Core/Src/RCC.o
                0x000000000800838c                RCC_EnablePeripheralClock
 .text.main     0x00000000080083f4       0x2c Core/Src/main.o
                0x00000000080083f4                main
 .text.delay    0x0000000008008420       0x2e Core/Src/main.o
                0x0000000008008420                delay
 *fill*         0x000000000800844e        0x2 
 .text.ledInit  0x0000000008008450       0x2c Core/Src/main.o
                0x0000000008008450                ledInit
 .text.ledToggle
                0x000000000800847c       0x40 Core/Src/main.o
                0x000000000800847c                ledToggle
 .text.jumpToBoot
                0x00000000080084bc       0x16 Core/Src/main.o
                0x00000000080084bc                jumpToBoot
 .text.NMI_Handler
                0x00000000080084d2        0x6 Core/Src/stm32f1xx_it.o
                0x00000000080084d2                NMI_Handler
 .text.HardFault_Handler
                0x00000000080084d8        0x6 Core/Src/stm32f1xx_it.o
                0x00000000080084d8                HardFault_Handler
 .text.MemManage_Handler
                0x00000000080084de        0x6 Core/Src/stm32f1xx_it.o
                0x00000000080084de                MemManage_Handler
 .text.BusFault_Handler
                0x00000000080084e4        0x6 Core/Src/stm32f1xx_it.o
                0x00000000080084e4                BusFault_Handler
 .text.UsageFault_Handler
                0x00000000080084ea        0x6 Core/Src/stm32f1xx_it.o
                0x00000000080084ea                UsageFault_Handler
 .text.SVC_Handler
                0x00000000080084f0        0xc Core/Src/stm32f1xx_it.o
                0x00000000080084f0                SVC_Handler
 .text.DebugMon_Handler
                0x00000000080084fc        0xc Core/Src/stm32f1xx_it.o
                0x00000000080084fc                DebugMon_Handler
 .text.PendSV_Handler
                0x0000000008008508        0xc Core/Src/stm32f1xx_it.o
                0x0000000008008508                PendSV_Handler
 .text.SysTick_Handler
                0x0000000008008514        0xc Core/Src/stm32f1xx_it.o
                0x0000000008008514                SysTick_Handler
 .text.SystemInit
                0x0000000008008520        0xc Core/Src/system_stm32f1xx.o
                0x0000000008008520                SystemInit
 .text.CAN_CallBackFun
                0x000000000800852c       0x98 Core/Src/updates.o
 .text.updatesInit
                0x00000000080085c4       0x44 Core/Src/updates.o
                0x00000000080085c4                updatesInit
 .text.updatesSetState
                0x0000000008008608       0x2c Core/Src/updates.o
                0x0000000008008608                updatesSetState
 .text.Reset_Handler
                0x0000000008008634       0x48 Core/Startup/startup_stm32f103c8tx.o
                0x0000000008008634                Reset_Handler
 .text.Default_Handler
                0x000000000800867c        0x2 Core/Startup/startup_stm32f103c8tx.o
                0x000000000800867c                RTC_Alarm_IRQHandler
                0x000000000800867c                EXTI2_IRQHandler
                0x000000000800867c                TIM1_CC_IRQHandler
                0x000000000800867c                PVD_IRQHandler
                0x000000000800867c                EXTI3_IRQHandler
                0x000000000800867c                EXTI0_IRQHandler
                0x000000000800867c                I2C2_EV_IRQHandler
                0x000000000800867c                ADC1_2_IRQHandler
                0x000000000800867c                SPI1_IRQHandler
                0x000000000800867c                TAMPER_IRQHandler
                0x000000000800867c                DMA1_Channel4_IRQHandler
                0x000000000800867c                USART3_IRQHandler
                0x000000000800867c                RTC_IRQHandler
                0x000000000800867c                DMA1_Channel7_IRQHandler
                0x000000000800867c                CAN1_RX1_IRQHandler
                0x000000000800867c                TIM4_IRQHandler
                0x000000000800867c                I2C1_EV_IRQHandler
                0x000000000800867c                DMA1_Channel6_IRQHandler
                0x000000000800867c                TIM3_IRQHandler
                0x000000000800867c                RCC_IRQHandler
                0x000000000800867c                TIM1_TRG_COM_IRQHandler
                0x000000000800867c                DMA1_Channel1_IRQHandler
                0x000000000800867c                Default_Handler
                0x000000000800867c                EXTI15_10_IRQHandler
                0x000000000800867c                EXTI9_5_IRQHandler
                0x000000000800867c                SPI2_IRQHandler
                0x000000000800867c                DMA1_Channel5_IRQHandler
                0x000000000800867c                EXTI4_IRQHandler
                0x000000000800867c                USB_HP_CAN1_TX_IRQHandler
                0x000000000800867c                DMA1_Channel3_IRQHandler
                0x000000000800867c                TIM1_UP_IRQHandler
                0x000000000800867c                WWDG_IRQHandler
                0x000000000800867c                TIM2_IRQHandler
                0x000000000800867c                TIM1_BRK_IRQHandler
                0x000000000800867c                EXTI1_IRQHandler
                0x000000000800867c                USART2_IRQHandler
                0x000000000800867c                I2C2_ER_IRQHandler
                0x000000000800867c                DMA1_Channel2_IRQHandler
                0x000000000800867c                CAN1_SCE_IRQHandler
                0x000000000800867c                FLASH_IRQHandler
                0x000000000800867c                USART1_IRQHandler
                0x000000000800867c                I2C1_ER_IRQHandler
                0x000000000800867c                USBWakeUp_IRQHandler
 *fill*         0x000000000800867e        0x2 
 .text.HAL_IncTick
                0x0000000008008680       0x24 Drivers/STM32F1xx_HAL_Driver/Src/stm32f1xx_hal.o
                0x0000000008008680                HAL_IncTick
 .text.__libc_init_array
                0x00000000080086a4       0x48 c:/st/stm32cubeide_1.5.0/stm32cubeide/plugins/com.st.stm32cube.ide.mcu.externaltools.gnu-tools-for-stm32.7-2018-q2-update.win32_1.5.0.202011040924/tools/bin/../lib/gcc/arm-none-eabi/7.3.1/../../../../arm-none-eabi/lib/thumb/v7-m\libc_nano.a(lib_a-init.o)
                0x00000000080086a4                __libc_init_array
 .text.memset   0x00000000080086ec       0x10 c:/st/stm32cubeide_1.5.0/stm32cubeide/plugins/com.st.stm32cube.ide.mcu.externaltools.gnu-tools-for-stm32.7-2018-q2-update.win32_1.5.0.202011040924/tools/bin/../lib/gcc/arm-none-eabi/7.3.1/../../../../arm-none-eabi/lib/thumb/v7-m\libc_nano.a(lib_a-memset.o)
                0x00000000080086ec                memset
 *(.glue_7)
 .glue_7        0x00000000080086fc        0x0 linker stubs
 *(.glue_7t)
 .glue_7t       0x00000000080086fc        0x0 linker stubs
 *(.eh_frame)
 .eh_frame      0x00000000080086fc        0x0 c:/st/stm32cubeide_1.5.0/stm32cubeide/plugins/com.st.stm32cube.ide.mcu.externaltools.gnu-tools-for-stm32.7-2018-q2-update.win32_1.5.0.202011040924/tools/bin/../lib/gcc/arm-none-eabi/7.3.1/thumb/v7-m/crtbegin.o
 *(.init)
 .init          0x00000000080086fc        0x4 c:/st/stm32cubeide_1.5.0/stm32cubeide/plugins/com.st.stm32cube.ide.mcu.externaltools.gnu-tools-for-stm32.7-2018-q2-update.win32_1.5.0.202011040924/tools/bin/../lib/gcc/arm-none-eabi/7.3.1/thumb/v7-m/crti.o
                0x00000000080086fc                _init
 .init          0x0000000008008700        0x8 c:/st/stm32cubeide_1.5.0/stm32cubeide/plugins/com.st.stm32cube.ide.mcu.externaltools.gnu-tools-for-stm32.7-2018-q2-update.win32_1.5.0.202011040924/tools/bin/../lib/gcc/arm-none-eabi/7.3.1/thumb/v7-m/crtn.o
 *(.fini)
 .fini          0x0000000008008708        0x4 c:/st/stm32cubeide_1.5.0/stm32cubeide/plugins/com.st.stm32cube.ide.mcu.externaltools.gnu-tools-for-stm32.7-2018-q2-update.win32_1.5.0.202011040924/tools/bin/../lib/gcc/arm-none-eabi/7.3.1/thumb/v7-m/crti.o
                0x0000000008008708                _fini
 .fini          0x000000000800870c        0x8 c:/st/stm32cubeide_1.5.0/stm32cubeide/plugins/com.st.stm32cube.ide.mcu.externaltools.gnu-tools-for-stm32.7-2018-q2-update.win32_1.5.0.202011040924/tools/bin/../lib/gcc/arm-none-eabi/7.3.1/thumb/v7-m/crtn.o
                0x0000000008008714                . = ALIGN (0x4)
                0x0000000008008714                _etext = .

.vfp11_veneer   0x0000000008008714        0x0
 .vfp11_veneer  0x0000000008008714        0x0 linker stubs

.v4_bx          0x0000000008008714        0x0
 .v4_bx         0x0000000008008714        0x0 linker stubs

.iplt           0x0000000008008714        0x0
 .iplt          0x0000000008008714        0x0 c:/st/stm32cubeide_1.5.0/stm32cubeide/plugins/com.st.stm32cube.ide.mcu.externaltools.gnu-tools-for-stm32.7-2018-q2-update.win32_1.5.0.202011040924/tools/bin/../lib/gcc/arm-none-eabi/7.3.1/thumb/v7-m/crtbegin.o

.rodata         0x0000000008008714       0x14
                0x0000000008008714                . = ALIGN (0x4)
 *(.rodata)
 .rodata        0x0000000008008714        0xe Core/Src/CAN.o
 *fill*         0x0000000008008722        0x2 
 .rodata        0x0000000008008724        0x4 Core/Src/main.o
 *(.rodata*)
                0x0000000008008728                . = ALIGN (0x4)

.rel.dyn        0x0000000008008728        0x0
 .rel.iplt      0x0000000008008728        0x0 c:/st/stm32cubeide_1.5.0/stm32cubeide/plugins/com.st.stm32cube.ide.mcu.externaltools.gnu-tools-for-stm32.7-2018-q2-update.win32_1.5.0.202011040924/tools/bin/../lib/gcc/arm-none-eabi/7.3.1/thumb/v7-m/crtbegin.o

.ARM.extab      0x0000000008008728        0x0
                0x0000000008008728                . = ALIGN (0x4)
 *(.ARM.extab* .gnu.linkonce.armextab.*)
                0x0000000008008728                . = ALIGN (0x4)

.ARM            0x0000000008008728        0x0
                0x0000000008008728                . = ALIGN (0x4)
                0x0000000008008728                __exidx_start = .
 *(.ARM.exidx*)
                0x0000000008008728                __exidx_end = .
                0x0000000008008728                . = ALIGN (0x4)

.preinit_array  0x0000000008008728        0x0
                0x0000000008008728                . = ALIGN (0x4)
                0x0000000008008728                PROVIDE (__preinit_array_start = .)
 *(.preinit_array*)
                0x0000000008008728                PROVIDE (__preinit_array_end = .)
                0x0000000008008728                . = ALIGN (0x4)

.init_array     0x0000000008008728        0x4
                0x0000000008008728                . = ALIGN (0x4)
                0x0000000008008728                PROVIDE (__init_array_start = .)
 *(SORT_BY_NAME(.init_array.*))
 *(.init_array*)
 .init_array    0x0000000008008728        0x4 c:/st/stm32cubeide_1.5.0/stm32cubeide/plugins/com.st.stm32cube.ide.mcu.externaltools.gnu-tools-for-stm32.7-2018-q2-update.win32_1.5.0.202011040924/tools/bin/../lib/gcc/arm-none-eabi/7.3.1/thumb/v7-m/crtbegin.o
                0x000000000800872c                PROVIDE (__init_array_end = .)
                0x000000000800872c                . = ALIGN (0x4)

.fini_array     0x000000000800872c        0x4
                0x000000000800872c                . = ALIGN (0x4)
                [!provide]                        PROVIDE (__fini_array_start = .)
 *(SORT_BY_NAME(.fini_array.*))
 *(.fini_array*)
 .fini_array    0x000000000800872c        0x4 c:/st/stm32cubeide_1.5.0/stm32cubeide/plugins/com.st.stm32cube.ide.mcu.externaltools.gnu-tools-for-stm32.7-2018-q2-update.win32_1.5.0.202011040924/tools/bin/../lib/gcc/arm-none-eabi/7.3.1/thumb/v7-m/crtbegin.o
                [!provide]                        PROVIDE (__fini_array_end = .)
                0x0000000008008730                . = ALIGN (0x4)
                0x0000000008008730                _sidata = LOADADDR (.data)

.data           0x0000000020000000       0x10 load address 0x0000000008008730
                0x0000000020000000                . = ALIGN (0x4)
                0x0000000020000000                _sdata = .
 *(.data)
 *(.data*)
 .data.GPIO     0x0000000020000000        0xc Core/Src/GPIO.o
 .data.uwTickFreq
                0x000000002000000c        0x1 Drivers/STM32F1xx_HAL_Driver/Src/stm32f1xx_hal.o
                0x000000002000000c                uwTickFreq
 *(.RamFunc)
 *(.RamFunc*)
                0x0000000020000010                . = ALIGN (0x4)
 *fill*         0x000000002000000d        0x3 
                0x0000000020000010                _edata = .

.igot.plt       0x0000000020000010        0x0 load address 0x0000000008008740
 .igot.plt      0x0000000020000010        0x0 c:/st/stm32cubeide_1.5.0/stm32cubeide/plugins/com.st.stm32cube.ide.mcu.externaltools.gnu-tools-for-stm32.7-2018-q2-update.win32_1.5.0.202011040924/tools/bin/../lib/gcc/arm-none-eabi/7.3.1/thumb/v7-m/crtbegin.o
                0x0000000020000010                . = ALIGN (0x4)

.bss            0x0000000020000010       0x2c load address 0x0000000008008740
                0x0000000020000010                _sbss = .
                0x0000000020000010                __bss_start__ = _sbss
 *(.bss)
 .bss           0x0000000020000010       0x1c c:/st/stm32cubeide_1.5.0/stm32cubeide/plugins/com.st.stm32cube.ide.mcu.externaltools.gnu-tools-for-stm32.7-2018-q2-update.win32_1.5.0.202011040924/tools/bin/../lib/gcc/arm-none-eabi/7.3.1/thumb/v7-m/crtbegin.o
 *(.bss*)
 .bss.callBack  0x000000002000002c        0x4 Core/Src/CAN.o
 .bss.updatesState
                0x0000000020000030        0x1 Core/Src/updates.o
 *fill*         0x0000000020000031        0x3 
 .bss.updatesAvailableCallBack
                0x0000000020000034        0x4 Core/Src/updates.o
 *(COMMON)
 COMMON         0x0000000020000038        0x4 Drivers/STM32F1xx_HAL_Driver/Src/stm32f1xx_hal.o
                0x0000000020000038                uwTick
                0x000000002000003c                . = ALIGN (0x4)
                0x000000002000003c                _ebss = .
                0x000000002000003c                __bss_end__ = _ebss

._user_heap_stack
                0x000000002000003c      0x604 load address 0x0000000008008740
                0x0000000020000040                . = ALIGN (0x8)
 *fill*         0x000000002000003c        0x4 
                [!provide]                        PROVIDE (end = .)
                0x0000000020000040                PROVIDE (_end = .)
                0x0000000020000240                . = (. + _Min_Heap_Size)
 *fill*         0x0000000020000040      0x200 
                0x0000000020000640                . = (. + _Min_Stack_Size)
 *fill*         0x0000000020000240      0x400 
                0x0000000020000640                . = ALIGN (0x8)

/DISCARD/
 libc.a(*)
 libm.a(*)
 libgcc.a(*)

.ARM.attributes
                0x0000000000000000       0x29
 *(.ARM.attributes)
 .ARM.attributes
                0x0000000000000000       0x1d c:/st/stm32cubeide_1.5.0/stm32cubeide/plugins/com.st.stm32cube.ide.mcu.externaltools.gnu-tools-for-stm32.7-2018-q2-update.win32_1.5.0.202011040924/tools/bin/../lib/gcc/arm-none-eabi/7.3.1/thumb/v7-m/crti.o
 .ARM.attributes
                0x000000000000001d       0x2d c:/st/stm32cubeide_1.5.0/stm32cubeide/plugins/com.st.stm32cube.ide.mcu.externaltools.gnu-tools-for-stm32.7-2018-q2-update.win32_1.5.0.202011040924/tools/bin/../lib/gcc/arm-none-eabi/7.3.1/thumb/v7-m/crtbegin.o
 .ARM.attributes
                0x000000000000004a       0x33 Core/Src/CAN.o
 .ARM.attributes
                0x000000000000007d       0x33 Core/Src/ECU_Config.o
 .ARM.attributes
                0x00000000000000b0       0x33 Core/Src/FPEC.o
 .ARM.attributes
                0x00000000000000e3       0x33 Core/Src/GPIO.o
 .ARM.attributes
                0x0000000000000116       0x33 Core/Src/NVIC.o
 .ARM.attributes
                0x0000000000000149       0x33 Core/Src/RCC.o
 .ARM.attributes
                0x000000000000017c       0x33 Core/Src/main.o
 .ARM.attributes
                0x00000000000001af       0x33 Core/Src/stm32f1xx_it.o
 .ARM.attributes
                0x00000000000001e2       0x33 Core/Src/system_stm32f1xx.o
 .ARM.attributes
                0x0000000000000215       0x33 Core/Src/updates.o
 .ARM.attributes
                0x0000000000000248       0x21 Core/Startup/startup_stm32f103c8tx.o
 .ARM.attributes
                0x0000000000000269       0x33 Drivers/STM32F1xx_HAL_Driver/Src/stm32f1xx_hal.o
 .ARM.attributes
                0x000000000000029c       0x2d c:/st/stm32cubeide_1.5.0/stm32cubeide/plugins/com.st.stm32cube.ide.mcu.externaltools.gnu-tools-for-stm32.7-2018-q2-update.win32_1.5.0.202011040924/tools/bin/../lib/gcc/arm-none-eabi/7.3.1/../../../../arm-none-eabi/lib/thumb/v7-m\libc_nano.a(lib_a-init.o)
 .ARM.attributes
                0x00000000000002c9       0x2d c:/st/stm32cubeide_1.5.0/stm32cubeide/plugins/com.st.stm32cube.ide.mcu.externaltools.gnu-tools-for-stm32.7-2018-q2-update.win32_1.5.0.202011040924/tools/bin/../lib/gcc/arm-none-eabi/7.3.1/../../../../arm-none-eabi/lib/thumb/v7-m\libc_nano.a(lib_a-memset.o)
 .ARM.attributes
                0x00000000000002f6       0x1d c:/st/stm32cubeide_1.5.0/stm32cubeide/plugins/com.st.stm32cube.ide.mcu.externaltools.gnu-tools-for-stm32.7-2018-q2-update.win32_1.5.0.202011040924/tools/bin/../lib/gcc/arm-none-eabi/7.3.1/thumb/v7-m/crtn.o
OUTPUT(APP_1.elf elf32-littlearm)

.debug_info     0x0000000000000000     0x35d8
 .debug_info    0x0000000000000000      0xa42 Core/Src/CAN.o
 .debug_info    0x0000000000000a42      0x14c Core/Src/ECU_Config.o
 .debug_info    0x0000000000000b8e      0x699 Core/Src/FPEC.o
 .debug_info    0x0000000000001227      0x556 Core/Src/GPIO.o
 .debug_info    0x000000000000177d      0x873 Core/Src/NVIC.o
 .debug_info    0x0000000000001ff0      0x23a Core/Src/RCC.o
 .debug_info    0x000000000000222a      0x3af Core/Src/main.o
 .debug_info    0x00000000000025d9      0x20a Core/Src/stm32f1xx_it.o
 .debug_info    0x00000000000027e3      0x29a Core/Src/system_stm32f1xx.o
 .debug_info    0x0000000000002a7d      0x425 Core/Src/updates.o
 .debug_info    0x0000000000002ea2       0x22 Core/Startup/startup_stm32f103c8tx.o
 .debug_info    0x0000000000002ec4      0x714 Drivers/STM32F1xx_HAL_Driver/Src/stm32f1xx_hal.o

.debug_abbrev   0x0000000000000000     0x101a
 .debug_abbrev  0x0000000000000000      0x227 Core/Src/CAN.o
 .debug_abbrev  0x0000000000000227       0xb7 Core/Src/ECU_Config.o
 .debug_abbrev  0x00000000000002de      0x1fc Core/Src/FPEC.o
 .debug_abbrev  0x00000000000004da      0x1d9 Core/Src/GPIO.o
 .debug_abbrev  0x00000000000006b3      0x1ec Core/Src/NVIC.o
 .debug_abbrev  0x000000000000089f       0xf5 Core/Src/RCC.o
 .debug_abbrev  0x0000000000000994      0x164 Core/Src/main.o
 .debug_abbrev  0x0000000000000af8       0xc6 Core/Src/stm32f1xx_it.o
 .debug_abbrev  0x0000000000000bbe      0x134 Core/Src/system_stm32f1xx.o
 .debug_abbrev  0x0000000000000cf2      0x14f Core/Src/updates.o
 .debug_abbrev  0x0000000000000e41       0x12 Core/Startup/startup_stm32f103c8tx.o
 .debug_abbrev  0x0000000000000e53      0x1c7 Drivers/STM32F1xx_HAL_Driver/Src/stm32f1xx_hal.o

.debug_aranges  0x0000000000000000      0x3e8
 .debug_aranges
                0x0000000000000000       0x40 Core/Src/CAN.o
 .debug_aranges
                0x0000000000000040       0x20 Core/Src/ECU_Config.o
 .debug_aranges
                0x0000000000000060       0x90 Core/Src/FPEC.o
 .debug_aranges
                0x00000000000000f0       0x50 Core/Src/GPIO.o
 .debug_aranges
                0x0000000000000140       0x70 Core/Src/NVIC.o
 .debug_aranges
                0x00000000000001b0       0x38 Core/Src/RCC.o
 .debug_aranges
                0x00000000000001e8       0x40 Core/Src/main.o
 .debug_aranges
                0x0000000000000228       0x60 Core/Src/stm32f1xx_it.o
 .debug_aranges
                0x0000000000000288       0x28 Core/Src/system_stm32f1xx.o
 .debug_aranges
                0x00000000000002b0       0x30 Core/Src/updates.o
 .debug_aranges
                0x00000000000002e0       0x28 Core/Startup/startup_stm32f103c8tx.o
 .debug_aranges
                0x0000000000000308       0xe0 Drivers/STM32F1xx_HAL_Driver/Src/stm32f1xx_hal.o

.debug_ranges   0x0000000000000000      0x348
 .debug_ranges  0x0000000000000000       0x30 Core/Src/CAN.o
 .debug_ranges  0x0000000000000030       0x10 Core/Src/ECU_Config.o
 .debug_ranges  0x0000000000000040       0x98 Core/Src/FPEC.o
 .debug_ranges  0x00000000000000d8       0x40 Core/Src/GPIO.o
 .debug_ranges  0x0000000000000118       0x60 Core/Src/NVIC.o
 .debug_ranges  0x0000000000000178       0x28 Core/Src/RCC.o
 .debug_ranges  0x00000000000001a0       0x30 Core/Src/main.o
 .debug_ranges  0x00000000000001d0       0x50 Core/Src/stm32f1xx_it.o
 .debug_ranges  0x0000000000000220       0x18 Core/Src/system_stm32f1xx.o
 .debug_ranges  0x0000000000000238       0x20 Core/Src/updates.o
 .debug_ranges  0x0000000000000258       0x20 Core/Startup/startup_stm32f103c8tx.o
 .debug_ranges  0x0000000000000278       0xd0 Drivers/STM32F1xx_HAL_Driver/Src/stm32f1xx_hal.o

.debug_macro    0x0000000000000000    0x10e3d
 .debug_macro   0x0000000000000000      0x108 Core/Src/CAN.o
 .debug_macro   0x0000000000000108      0xa5a Core/Src/CAN.o
 .debug_macro   0x0000000000000b62       0x22 Core/Src/CAN.o
 .debug_macro   0x0000000000000b84       0x22 Core/Src/CAN.o
 .debug_macro   0x0000000000000ba6       0x8e Core/Src/CAN.o
 .debug_macro   0x0000000000000c34       0x51 Core/Src/CAN.o
 .debug_macro   0x0000000000000c85       0xef Core/Src/CAN.o
 .debug_macro   0x0000000000000d74       0x6a Core/Src/CAN.o
 .debug_macro   0x0000000000000dde      0x1df Core/Src/CAN.o
 .debug_macro   0x0000000000000fbd       0x1c Core/Src/CAN.o
 .debug_macro   0x0000000000000fd9       0x22 Core/Src/CAN.o
 .debug_macro   0x0000000000000ffb       0xc3 Core/Src/CAN.o
 .debug_macro   0x00000000000010be      0xd23 Core/Src/CAN.o
 .debug_macro   0x0000000000001de1     0xe09e Core/Src/CAN.o
 .debug_macro   0x000000000000fe7f       0x52 Core/Src/CAN.o
 .debug_macro   0x000000000000fed1       0x22 Core/Src/CAN.o
 .debug_macro   0x000000000000fef3       0x22 Core/Src/CAN.o
 .debug_macro   0x000000000000ff15       0x28 Core/Src/CAN.o
 .debug_macro   0x000000000000ff3d      0x2f2 Core/Src/CAN.o
 .debug_macro   0x000000000001022f       0xf9 Core/Src/ECU_Config.o
 .debug_macro   0x0000000000010328       0x34 Core/Src/ECU_Config.o
 .debug_macro   0x000000000001035c       0xf6 Core/Src/FPEC.o
 .debug_macro   0x0000000000010452       0xf4 Core/Src/GPIO.o
 .debug_macro   0x0000000000010546       0xc9 Core/Src/NVIC.o
 .debug_macro   0x000000000001060f       0xea Core/Src/RCC.o
 .debug_macro   0x00000000000106f9      0x11f Core/Src/main.o
 .debug_macro   0x0000000000010818       0x3a Core/Src/main.o
 .debug_macro   0x0000000000010852      0x198 Core/Src/stm32f1xx_it.o
 .debug_macro   0x00000000000109ea      0x184 Core/Src/system_stm32f1xx.o
 .debug_macro   0x0000000000010b6e      0x127 Core/Src/updates.o
 .debug_macro   0x0000000000010c95      0x1a8 Drivers/STM32F1xx_HAL_Driver/Src/stm32f1xx_hal.o

.debug_line     0x0000000000000000     0x4160
 .debug_line    0x0000000000000000      0x6b5 Core/Src/CAN.o
 .debug_line    0x00000000000006b5      0x49c Core/Src/ECU_Config.o
 .debug_line    0x0000000000000b51      0x650 Core/Src/FPEC.o
 .debug_line    0x00000000000011a1      0x576 Core/Src/GPIO.o
 .debug_line    0x0000000000001717      0x564 Core/Src/NVIC.o
 .debug_line    0x0000000000001c7b      0x501 Core/Src/RCC.o
 .debug_line    0x000000000000217c      0x522 Core/Src/main.o
 .debug_line    0x000000000000269e      0x6d6 Core/Src/stm32f1xx_it.o
 .debug_line    0x0000000000002d74      0x656 Core/Src/system_stm32f1xx.o
 .debug_line    0x00000000000033ca      0x506 Core/Src/updates.o
 .debug_line    0x00000000000038d0       0x87 Core/Startup/startup_stm32f103c8tx.o
 .debug_line    0x0000000000003957      0x809 Drivers/STM32F1xx_HAL_Driver/Src/stm32f1xx_hal.o

.debug_str      0x0000000000000000    0x7c9ff
 .debug_str     0x0000000000000000    0x54f40 Core/Src/CAN.o
                                      0x5520a (size before relaxing)
 .debug_str     0x0000000000054f40      0x146 Core/Src/ECU_Config.o
                                      0x54ae8 (size before relaxing)
 .debug_str     0x0000000000055086      0x229 Core/Src/FPEC.o
                                      0x54bde (size before relaxing)
 .debug_str     0x00000000000552af      0x124 Core/Src/GPIO.o
                                      0x54d1f (size before relaxing)
 .debug_str     0x00000000000553d3      0x3b9 Core/Src/NVIC.o
                                      0x54652 (size before relaxing)
 .debug_str     0x000000000005578c       0xb3 Core/Src/RCC.o
                                      0x54a55 (size before relaxing)
 .debug_str     0x000000000005583f       0x92 Core/Src/main.o
                                      0x54dc4 (size before relaxing)
 .debug_str     0x00000000000558d1    0x26c6b Core/Src/stm32f1xx_it.o
                                      0x7abdb (size before relaxing)
 .debug_str     0x000000000007c53c       0x52 Core/Src/system_stm32f1xx.o
                                      0x7abab (size before relaxing)
 .debug_str     0x000000000007c58e      0x119 Core/Src/updates.o
                                      0x54d80 (size before relaxing)
 .debug_str     0x000000000007c6a7       0x36 Core/Startup/startup_stm32f103c8tx.o
                                         0x88 (size before relaxing)
 .debug_str     0x000000000007c6dd      0x322 Drivers/STM32F1xx_HAL_Driver/Src/stm32f1xx_hal.o
                                      0x7b23c (size before relaxing)

.comment        0x0000000000000000       0x7b
 .comment       0x0000000000000000       0x7b Core/Src/CAN.o
                                         0x7c (size before relaxing)
 .comment       0x000000000000007b       0x7c Core/Src/ECU_Config.o
 .comment       0x000000000000007b       0x7c Core/Src/FPEC.o
 .comment       0x000000000000007b       0x7c Core/Src/GPIO.o
 .comment       0x000000000000007b       0x7c Core/Src/NVIC.o
 .comment       0x000000000000007b       0x7c Core/Src/RCC.o
 .comment       0x000000000000007b       0x7c Core/Src/main.o
 .comment       0x000000000000007b       0x7c Core/Src/stm32f1xx_it.o
 .comment       0x000000000000007b       0x7c Core/Src/system_stm32f1xx.o
 .comment       0x000000000000007b       0x7c Core/Src/updates.o
 .comment       0x000000000000007b       0x7c Drivers/STM32F1xx_HAL_Driver/Src/stm32f1xx_hal.o

.debug_frame    0x0000000000000000      0xcc0
 .debug_frame   0x0000000000000000       0xcc Core/Src/CAN.o
 .debug_frame   0x00000000000000cc       0x2c Core/Src/ECU_Config.o
 .debug_frame   0x00000000000000f8      0x22c Core/Src/FPEC.o
 .debug_frame   0x0000000000000324      0x124 Core/Src/GPIO.o
 .debug_frame   0x0000000000000448      0x1c0 Core/Src/NVIC.o
 .debug_frame   0x0000000000000608       0xa4 Core/Src/RCC.o
 .debug_frame   0x00000000000006ac       0xb8 Core/Src/main.o
 .debug_frame   0x0000000000000764      0x104 Core/Src/stm32f1xx_it.o
 .debug_frame   0x0000000000000868       0x58 Core/Src/system_stm32f1xx.o
 .debug_frame   0x00000000000008c0       0x80 Core/Src/updates.o
 .debug_frame   0x0000000000000940      0x334 Drivers/STM32F1xx_HAL_Driver/Src/stm32f1xx_hal.o
 .debug_frame   0x0000000000000c74       0x2c c:/st/stm32cubeide_1.5.0/stm32cubeide/plugins/com.st.stm32cube.ide.mcu.externaltools.gnu-tools-for-stm32.7-2018-q2-update.win32_1.5.0.202011040924/tools/bin/../lib/gcc/arm-none-eabi/7.3.1/../../../../arm-none-eabi/lib/thumb/v7-m\libc_nano.a(lib_a-init.o)
 .debug_frame   0x0000000000000ca0       0x20 c:/st/stm32cubeide_1.5.0/stm32cubeide/plugins/com.st.stm32cube.ide.mcu.externaltools.gnu-tools-for-stm32.7-2018-q2-update.win32_1.5.0.202011040924/tools/bin/../lib/gcc/arm-none-eabi/7.3.1/../../../../arm-none-eabi/lib/thumb/v7-m\libc_nano.a(lib_a-memset.o)
