Archive member included to satisfy reference by file (symbol)

c:/st/stm32cubeide_1.5.0/stm32cubeide/plugins/com.st.stm32cube.ide.mcu.externaltools.gnu-tools-for-stm32.7-2018-q2-update.win32_1.5.0.202011040924/tools/bin/../lib/gcc/arm-none-eabi/7.3.1/../../../../arm-none-eabi/lib/thumb/v7-m\libc_nano.a(lib_a-errno.o)
                              Core/Src/syscalls.o (__errno)
c:/st/stm32cubeide_1.5.0/stm32cubeide/plugins/com.st.stm32cube.ide.mcu.externaltools.gnu-tools-for-stm32.7-2018-q2-update.win32_1.5.0.202011040924/tools/bin/../lib/gcc/arm-none-eabi/7.3.1/../../../../arm-none-eabi/lib/thumb/v7-m\libc_nano.a(lib_a-exit.o)
                              c:/st/stm32cubeide_1.5.0/stm32cubeide/plugins/com.st.stm32cube.ide.mcu.externaltools.gnu-tools-for-stm32.7-2018-q2-update.win32_1.5.0.202011040924/tools/bin/../lib/gcc/arm-none-eabi/7.3.1/../../../../arm-none-eabi/lib/thumb/v7-m/crt0.o (exit)
c:/st/stm32cubeide_1.5.0/stm32cubeide/plugins/com.st.stm32cube.ide.mcu.externaltools.gnu-tools-for-stm32.7-2018-q2-update.win32_1.5.0.202011040924/tools/bin/../lib/gcc/arm-none-eabi/7.3.1/../../../../arm-none-eabi/lib/thumb/v7-m\libc_nano.a(lib_a-impure.o)
                              c:/st/stm32cubeide_1.5.0/stm32cubeide/plugins/com.st.stm32cube.ide.mcu.externaltools.gnu-tools-for-stm32.7-2018-q2-update.win32_1.5.0.202011040924/tools/bin/../lib/gcc/arm-none-eabi/7.3.1/../../../../arm-none-eabi/lib/thumb/v7-m\libc_nano.a(lib_a-exit.o) (_global_impure_ptr)
c:/st/stm32cubeide_1.5.0/stm32cubeide/plugins/com.st.stm32cube.ide.mcu.externaltools.gnu-tools-for-stm32.7-2018-q2-update.win32_1.5.0.202011040924/tools/bin/../lib/gcc/arm-none-eabi/7.3.1/../../../../arm-none-eabi/lib/thumb/v7-m\libc_nano.a(lib_a-init.o)
                              c:/st/stm32cubeide_1.5.0/stm32cubeide/plugins/com.st.stm32cube.ide.mcu.externaltools.gnu-tools-for-stm32.7-2018-q2-update.win32_1.5.0.202011040924/tools/bin/../lib/gcc/arm-none-eabi/7.3.1/../../../../arm-none-eabi/lib/thumb/v7-m/crt0.o (__libc_init_array)
c:/st/stm32cubeide_1.5.0/stm32cubeide/plugins/com.st.stm32cube.ide.mcu.externaltools.gnu-tools-for-stm32.7-2018-q2-update.win32_1.5.0.202011040924/tools/bin/../lib/gcc/arm-none-eabi/7.3.1/../../../../arm-none-eabi/lib/thumb/v7-m\libc_nano.a(lib_a-memset.o)
                              c:/st/stm32cubeide_1.5.0/stm32cubeide/plugins/com.st.stm32cube.ide.mcu.externaltools.gnu-tools-for-stm32.7-2018-q2-update.win32_1.5.0.202011040924/tools/bin/../lib/gcc/arm-none-eabi/7.3.1/../../../../arm-none-eabi/lib/thumb/v7-m/crt0.o (memset)

Allocating common symbols
Common symbol       size              file

ecuConfig           0x2               Core/Src/ECU_Config.o
uwTick              0x4               Drivers/STM32F1xx_HAL_Driver/Src/stm32f1xx_hal.o
pFlash              0x20              Drivers/STM32F1xx_HAL_Driver/Src/stm32f1xx_hal_flash.o

Discarded input sections

 .text          0x0000000000000000        0x0 c:/st/stm32cubeide_1.5.0/stm32cubeide/plugins/com.st.stm32cube.ide.mcu.externaltools.gnu-tools-for-stm32.7-2018-q2-update.win32_1.5.0.202011040924/tools/bin/../lib/gcc/arm-none-eabi/7.3.1/thumb/v7-m/crti.o
 .data          0x0000000000000000        0x0 c:/st/stm32cubeide_1.5.0/stm32cubeide/plugins/com.st.stm32cube.ide.mcu.externaltools.gnu-tools-for-stm32.7-2018-q2-update.win32_1.5.0.202011040924/tools/bin/../lib/gcc/arm-none-eabi/7.3.1/thumb/v7-m/crti.o
 .bss           0x0000000000000000        0x0 c:/st/stm32cubeide_1.5.0/stm32cubeide/plugins/com.st.stm32cube.ide.mcu.externaltools.gnu-tools-for-stm32.7-2018-q2-update.win32_1.5.0.202011040924/tools/bin/../lib/gcc/arm-none-eabi/7.3.1/thumb/v7-m/crti.o
 .data          0x0000000000000000        0x4 c:/st/stm32cubeide_1.5.0/stm32cubeide/plugins/com.st.stm32cube.ide.mcu.externaltools.gnu-tools-for-stm32.7-2018-q2-update.win32_1.5.0.202011040924/tools/bin/../lib/gcc/arm-none-eabi/7.3.1/thumb/v7-m/crtbegin.o
 .text          0x0000000000000000       0x74 c:/st/stm32cubeide_1.5.0/stm32cubeide/plugins/com.st.stm32cube.ide.mcu.externaltools.gnu-tools-for-stm32.7-2018-q2-update.win32_1.5.0.202011040924/tools/bin/../lib/gcc/arm-none-eabi/7.3.1/../../../../arm-none-eabi/lib/thumb/v7-m/crt0.o
 .data          0x0000000000000000        0x0 c:/st/stm32cubeide_1.5.0/stm32cubeide/plugins/com.st.stm32cube.ide.mcu.externaltools.gnu-tools-for-stm32.7-2018-q2-update.win32_1.5.0.202011040924/tools/bin/../lib/gcc/arm-none-eabi/7.3.1/../../../../arm-none-eabi/lib/thumb/v7-m/crt0.o
 .bss           0x0000000000000000        0x0 c:/st/stm32cubeide_1.5.0/stm32cubeide/plugins/com.st.stm32cube.ide.mcu.externaltools.gnu-tools-for-stm32.7-2018-q2-update.win32_1.5.0.202011040924/tools/bin/../lib/gcc/arm-none-eabi/7.3.1/../../../../arm-none-eabi/lib/thumb/v7-m/crt0.o
[...]
Memory Configuration

Name             Origin             Length             Attributes
RAM              0x0000000020000000 0x0000000000005000 xrw
FLASH            0x0000000008001800 0x0000000000002c00 xr
*default*        0x0000000000000000 0xffffffffffffffff

Linker script and memory map

LOAD c:/st/stm32cubeide_1.5.0/stm32cubeide/plugins/com.st.stm32cube.ide.mcu.externaltools.gnu-tools-for-stm32.7-2018-q2-update.win32_1.5.0.202011040924/tools/bin/../lib/gcc/arm-none-eabi/7.3.1/thumb/v7-m/crti.o
LOAD c:/st/stm32cubeide_1.5.0/stm32cubeide/plugins/com.st.stm32cube.ide.mcu.externaltools.gnu-tools-for-stm32.7-2018-q2-update.win32_1.5.0.202011040924/tools/bin/../lib/gcc/arm-none-eabi/7.3.1/thumb/v7-m/crtbegin.o
LOAD c:/st/stm32cubeide_1.5.0/stm32cubeide/plugins/com.st.stm32cube.ide.mcu.externaltools.gnu-tools-for-stm32.7-2018-q2-update.win32_1.5.0.202011040924/tools/bin/../lib/gcc/arm-none-eabi/7.3.1/../../../../arm-none-eabi/lib/thumb/v7-m/crt0.o
LOAD Core/Src/CAN.o
LOAD Core/Src/ECU_Config.o
LOAD Core/Src/FPEC.o
LOAD Core/Src/GPIO.o
LOAD Core/Src/NVIC.o
LOAD Core/Src/RCC.o
LOAD Core/Src/main.o
LOAD Core/Src/stm32f1xx_hal_msp.o
LOAD Core/Src/stm32f1xx_it.o
LOAD Core/Src/syscalls.o
LOAD Core/Src/sysmem.o
LOAD Core/Src/system_stm32f1xx.o
LOAD Core/Src/updates.o
LOAD Core/Startup/startup_stm32f103c8tx.o
LOAD Drivers/STM32F1xx_HAL_Driver/Src/stm32f1xx_hal.o
LOAD Drivers/STM32F1xx_HAL_Driver/Src/stm32f1xx_hal_cortex.o
LOAD Drivers/STM32F1xx_HAL_Driver/Src/stm32f1xx_hal_dma.o
LOAD Drivers/STM32F1xx_HAL_Driver/Src/stm32f1xx_hal_exti.o
LOAD Drivers/STM32F1xx_HAL_Driver/Src/stm32f1xx_hal_flash.o
LOAD Drivers/STM32F1xx_HAL_Driver/Src/stm32f1xx_hal_flash_ex.o
LOAD Drivers/STM32F1xx_HAL_Driver/Src/stm32f1xx_hal_gpio.o
LOAD Drivers/STM32F1xx_HAL_Driver/Src/stm32f1xx_hal_gpio_ex.o
LOAD Drivers/STM32F1xx_HAL_Driver/Src/stm32f1xx_hal_pwr.o
LOAD Drivers/STM32F1xx_HAL_Driver/Src/stm32f1xx_hal_rcc.o
LOAD Drivers/STM32F1xx_HAL_Driver/Src/stm32f1xx_hal_rcc_ex.o
LOAD Drivers/STM32F1xx_HAL_Driver/Src/stm32f1xx_hal_tim.o
LOAD Drivers/STM32F1xx_HAL_Driver/Src/stm32f1xx_hal_tim_ex.o
START GROUP
LOAD c:/st/stm32cubeide_1.5.0/stm32cubeide/plugins/com.st.stm32cube.ide.mcu.externaltools.gnu-tools-for-stm32.7-2018-q2-update.win32_1.5.0.202011040924/tools/bin/../lib/gcc/arm-none-eabi/7.3.1/../../../../arm-none-eabi/lib/thumb/v7-m\libc_nano.a
LOAD c:/st/stm32cubeide_1.5.0/stm32cubeide/plugins/com.st.stm32cube.ide.mcu.externaltools.gnu-tools-for-stm32.7-2018-q2-update.win32_1.5.0.202011040924/tools/bin/../lib/gcc/arm-none-eabi/7.3.1/../../../../arm-none-eabi/lib/thumb/v7-m\libm.a
END GROUP
START GROUP
LOAD c:/st/stm32cubeide_1.5.0/stm32cubeide/plugins/com.st.stm32cube.ide.mcu.externaltools.gnu-tools-for-stm32.7-2018-q2-update.win32_1.5.0.202011040924/tools/bin/../lib/gcc/arm-none-eabi/7.3.1/thumb/v7-m\libgcc.a
LOAD c:/st/stm32cubeide_1.5.0/stm32cubeide/plugins/com.st.stm32cube.ide.mcu.externaltools.gnu-tools-for-stm32.7-2018-q2-update.win32_1.5.0.202011040924/tools/bin/../lib/gcc/arm-none-eabi/7.3.1/../../../../arm-none-eabi/lib/thumb/v7-m\libc_nano.a
END GROUP
START GROUP
LOAD c:/st/stm32cubeide_1.5.0/stm32cubeide/plugins/com.st.stm32cube.ide.mcu.externaltools.gnu-tools-for-stm32.7-2018-q2-update.win32_1.5.0.202011040924/tools/bin/../lib/gcc/arm-none-eabi/7.3.1/thumb/v7-m\libgcc.a
LOAD c:/st/stm32cubeide_1.5.0/stm32cubeide/plugins/com.st.stm32cube.ide.mcu.externaltools.gnu-tools-for-stm32.7-2018-q2-update.win32_1.5.0.202011040924/tools/bin/../lib/gcc/arm-none-eabi/7.3.1/../../../../arm-none-eabi/lib/thumb/v7-m\libc_nano.a
LOAD c:/st/stm32cubeide_1.5.0/stm32cubeide/plugins/com.st.stm32cube.ide.mcu.externaltools.gnu-tools-for-stm32.7-2018-q2-update.win32_1.5.0.202011040924/tools/bin/../lib/gcc/arm-none-eabi/7.3.1/../../../../arm-none-eabi/lib/thumb/v7-m\libnosys.a
END GROUP
START GROUP
LOAD c:/st/stm32cubeide_1.5.0/stm32cubeide/plugins/com.st.stm32cube.ide.mcu.externaltools.gnu-tools-for-stm32.7-2018-q2-update.win32_1.5.0.202011040924/tools/bin/../lib/gcc/arm-none-eabi/7.3.1/thumb/v7-m\libgcc.a
LOAD c:/st/stm32cubeide_1.5.0/stm32cubeide/plugins/com.st.stm32cube.ide.mcu.externaltools.gnu-tools-for-stm32.7-2018-q2-update.win32_1.5.0.202011040924/tools/bin/../lib/gcc/arm-none-eabi/7.3.1/../../../../arm-none-eabi/lib/thumb/v7-m\libc_nano.a
LOAD c:/st/stm32cubeide_1.5.0/stm32cubeide/plugins/com.st.stm32cube.ide.mcu.externaltools.gnu-tools-for-stm32.7-2018-q2-update.win32_1.5.0.202011040924/tools/bin/../lib/gcc/arm-none-eabi/7.3.1/../../../../arm-none-eabi/lib/thumb/v7-m\libnosys.a
END GROUP
LOAD c:/st/stm32cubeide_1.5.0/stm32cubeide/plugins/com.st.stm32cube.ide.mcu.externaltools.gnu-tools-for-stm32.7-2018-q2-update.win32_1.5.0.202011040924/tools/bin/../lib/gcc/arm-none-eabi/7.3.1/thumb/v7-m/crtend.o
LOAD c:/st/stm32cubeide_1.5.0/stm32cubeide/plugins/com.st.stm32cube.ide.mcu.externaltools.gnu-tools-for-stm32.7-2018-q2-update.win32_1.5.0.202011040924/tools/bin/../lib/gcc/arm-none-eabi/7.3.1/thumb/v7-m/crtn.o
                0x0000000020005000                _estack = (ORIGIN (RAM) + LENGTH (RAM))
                0x0000000000000200                _Min_Heap_Size = 0x200
                0x0000000000000400                _Min_Stack_Size = 0x400

.isr_vector     0x0000000008001800      0x10c
                0x0000000008001800                . = ALIGN (0x4)
 *(.isr_vector)
 .isr_vector    0x0000000008001800      0x10c Core/Startup/startup_stm32f103c8tx.o
                0x0000000008001800                g_pfnVectors
                0x000000000800190c                . = ALIGN (0x4)

.text           0x000000000800190c     0x17d8
                0x000000000800190c                . = ALIGN (0x4)
 *(.text)
 .text          0x000000000800190c       0x40 c:/st/stm32cubeide_1.5.0/stm32cubeide/plugins/com.st.stm32cube.ide.mcu.externaltools.gnu-tools-for-stm32.7-2018-q2-update.win32_1.5.0.202011040924/tools/bin/../lib/gcc/arm-none-eabi/7.3.1/thumb/v7-m/crtbegin.o
 *(.text*)
 .text.USB_LP_CAN1_RX0_IRQHandler
                0x000000000800194c       0x1c Core/Src/CAN.o
                0x000000000800194c                USB_LP_CAN1_RX0_IRQHandler
 .text.CAN_Init
                0x0000000008001968      0x1a4 Core/Src/CAN.o
                0x0000000008001968                CAN_Init
 .text.CAN_InitFilterBank
                0x0000000008001b0c      0x4e4 Core/Src/CAN.o
                0x0000000008001b0c                CAN_InitFilterBank
 .text.CAN_Tx   0x0000000008001ff0      0x1f0 Core/Src/CAN.o
                0x0000000008001ff0                CAN_Tx
 .text.CAN_Rx   0x00000000080021e0      0x17c Core/Src/CAN.o
                0x00000000080021e0                CAN_Rx
 .text.ECU_UpdateConfig
                0x000000000800235c       0x28 Core/Src/ECU_Config.o
                0x000000000800235c                ECU_UpdateConfig
 .text.ECU_ConfigActivateApp
                0x0000000008002384       0x12 Core/Src/ECU_Config.o
                0x0000000008002384                ECU_ConfigActivateApp
 *fill*         0x0000000008002396        0x2 
 .text.FPEC_UnlockFlash
                0x0000000008002398       0x24 Core/Src/FPEC.o
 .text.FPEC_LockFlash
                0x00000000080023bc       0x1c Core/Src/FPEC.o
 .text.FPEC_CheckErrors
                0x00000000080023d8       0x50 Core/Src/FPEC.o
 .text.FPEC_DirectWriteHalfWord
                0x0000000008002428       0xac Core/Src/FPEC.o
                0x0000000008002428                FPEC_DirectWriteHalfWord
 .text.FPEC_DirectWriteByte
                0x00000000080024d4       0x9c Core/Src/FPEC.o
                0x00000000080024d4                FPEC_DirectWriteByte
 .text.FPEC_InitFlash
                0x0000000008002570       0x40 Core/Src/FPEC.o
                0x0000000008002570                FPEC_InitFlash
 .text.FPEC_ErasePage
                0x00000000080025b0       0x94 Core/Src/FPEC.o
                0x00000000080025b0                FPEC_ErasePage
 .text.FPEC_WritePage
                0x0000000008002644       0x6a Core/Src/FPEC.o
                0x0000000008002644                FPEC_WritePage
 .text.FPEC_ReadPage
                0x00000000080026ae       0x46 Core/Src/FPEC.o
                0x00000000080026ae                FPEC_ReadPage
 .text.FPEC_ReadHalfWord
                0x00000000080026f4       0x44 Core/Src/FPEC.o
                0x00000000080026f4                FPEC_ReadHalfWord
 .text.FPEC_ReadByte
                0x0000000008002738       0x3c Core/Src/FPEC.o
                0x0000000008002738                FPEC_ReadByte
 .text.FPEC_WriteByte
                0x0000000008002774       0xf4 Core/Src/FPEC.o
                0x0000000008002774                FPEC_WriteByte
 .text.GPIO_InitPin
                0x0000000008002868       0xd4 Core/Src/GPIO.o
 .text.GPIO_GetNewValueOfCR
                0x000000000800293c      0x100 Core/Src/GPIO.o
 .text.GPIO_InitPins
                0x0000000008002a3c       0x76 Core/Src/GPIO.o
                0x0000000008002a3c                GPIO_InitPins
 *fill*         0x0000000008002ab2        0x2 
 .text.NVIC_EnableInterrupt
                0x0000000008002ab4       0x74 Core/Src/NVIC.o
                0x0000000008002ab4                NVIC_EnableInterrupt
 .text.NVIC_ResetSystem
                0x0000000008002b28       0x1c Core/Src/NVIC.o
                0x0000000008002b28                NVIC_ResetSystem
 .text.NVIC_MaskIRQs
                0x0000000008002b44       0x28 Core/Src/NVIC.o
                0x0000000008002b44                NVIC_MaskIRQs
 .text.NVIC_UnMaskIRQs
                0x0000000008002b6c       0x1a Core/Src/NVIC.o
                0x0000000008002b6c                NVIC_UnMaskIRQs
 *fill*         0x0000000008002b86        0x2 
 .text.RCC_InitClock
                0x0000000008002b88       0xac Core/Src/RCC.o
                0x0000000008002b88                RCC_InitClock
 .text.RCC_EnablePeripheralClock
                0x0000000008002c34       0x68 Core/Src/RCC.o
                0x0000000008002c34                RCC_EnablePeripheralClock
 .text.main     0x0000000008002c9c       0x70 Core/Src/main.o
                0x0000000008002c9c                main
 .text.jumpToApp
                0x0000000008002d0c       0x16 Core/Src/main.o
                0x0000000008002d0c                jumpToApp
 .text.NMI_Handler
                0x0000000008002d22        0x6 Core/Src/stm32f1xx_it.o
                0x0000000008002d22                NMI_Handler
 .text.HardFault_Handler
                0x0000000008002d28        0x6 Core/Src/stm32f1xx_it.o
                0x0000000008002d28                HardFault_Handler
 .text.MemManage_Handler
                0x0000000008002d2e        0x6 Core/Src/stm32f1xx_it.o
                0x0000000008002d2e                MemManage_Handler
 .text.BusFault_Handler
                0x0000000008002d34        0x6 Core/Src/stm32f1xx_it.o
                0x0000000008002d34                BusFault_Handler
 .text.UsageFault_Handler
                0x0000000008002d3a        0x6 Core/Src/stm32f1xx_it.o
                0x0000000008002d3a                UsageFault_Handler
 .text.SVC_Handler
                0x0000000008002d40        0xc Core/Src/stm32f1xx_it.o
                0x0000000008002d40                SVC_Handler
 .text.DebugMon_Handler
                0x0000000008002d4c        0xc Core/Src/stm32f1xx_it.o
                0x0000000008002d4c                DebugMon_Handler
 .text.PendSV_Handler
                0x0000000008002d58        0xc Core/Src/stm32f1xx_it.o
                0x0000000008002d58                PendSV_Handler
 .text.SysTick_Handler
                0x0000000008002d64        0xc Core/Src/stm32f1xx_it.o
                0x0000000008002d64                SysTick_Handler
 .text.SystemInit
                0x0000000008002d70        0xc Core/Src/system_stm32f1xx.o
                0x0000000008002d70                SystemInit
 .text.CAN_CallBackFun
                0x0000000008002d7c       0x20 Core/Src/updates.o
 .text.validateRes
                0x0000000008002d9c       0x74 Core/Src/updates.o
 .text.updatesInit
                0x0000000008002e10       0x48 Core/Src/updates.o
                0x0000000008002e10                updatesInit
 .text.updateImg
                0x0000000008002e58      0x1ac Core/Src/updates.o
                0x0000000008002e58                updateImg
 .text.Reset_Handler
                0x0000000008003004       0x48 Core/Startup/startup_stm32f103c8tx.o
                0x0000000008003004                Reset_Handler
 .text.Default_Handler
                0x000000000800304c        0x2 Core/Startup/startup_stm32f103c8tx.o
                0x000000000800304c                RTC_Alarm_IRQHandler
                0x000000000800304c                EXTI2_IRQHandler
                0x000000000800304c                TIM1_CC_IRQHandler
                0x000000000800304c                PVD_IRQHandler
                0x000000000800304c                EXTI3_IRQHandler
                0x000000000800304c                EXTI0_IRQHandler
                0x000000000800304c                I2C2_EV_IRQHandler
                0x000000000800304c                ADC1_2_IRQHandler
                0x000000000800304c                SPI1_IRQHandler
                0x000000000800304c                TAMPER_IRQHandler
                0x000000000800304c                DMA1_Channel4_IRQHandler
                0x000000000800304c                USART3_IRQHandler
                0x000000000800304c                RTC_IRQHandler
                0x000000000800304c                DMA1_Channel7_IRQHandler
                0x000000000800304c                CAN1_RX1_IRQHandler
                0x000000000800304c                TIM4_IRQHandler
                0x000000000800304c                I2C1_EV_IRQHandler
                0x000000000800304c                DMA1_Channel6_IRQHandler
                0x000000000800304c                TIM3_IRQHandler
                0x000000000800304c                RCC_IRQHandler
                0x000000000800304c                TIM1_TRG_COM_IRQHandler
                0x000000000800304c                DMA1_Channel1_IRQHandler
                0x000000000800304c                Default_Handler
                0x000000000800304c                EXTI15_10_IRQHandler
                0x000000000800304c                EXTI9_5_IRQHandler
                0x000000000800304c                SPI2_IRQHandler
                0x000000000800304c                DMA1_Channel5_IRQHandler
                0x000000000800304c                EXTI4_IRQHandler
                0x000000000800304c                USB_HP_CAN1_TX_IRQHandler
                0x000000000800304c                DMA1_Channel3_IRQHandler
                0x000000000800304c                TIM1_UP_IRQHandler
                0x000000000800304c                WWDG_IRQHandler
                0x000000000800304c                TIM2_IRQHandler
                0x000000000800304c                TIM1_BRK_IRQHandler
                0x000000000800304c                EXTI1_IRQHandler
                0x000000000800304c                USART2_IRQHandler
                0x000000000800304c                I2C2_ER_IRQHandler
                0x000000000800304c                DMA1_Channel2_IRQHandler
                0x000000000800304c                CAN1_SCE_IRQHandler
                0x000000000800304c                FLASH_IRQHandler
                0x000000000800304c                USART1_IRQHandler
                0x000000000800304c                I2C1_ER_IRQHandler
                0x000000000800304c                USBWakeUp_IRQHandler
 *fill*         0x000000000800304e        0x2 
 .text.HAL_IncTick
                0x0000000008003050       0x24 Drivers/STM32F1xx_HAL_Driver/Src/stm32f1xx_hal.o
                0x0000000008003050                HAL_IncTick
 .text.__libc_init_array
                0x0000000008003074       0x48 c:/st/stm32cubeide_1.5.0/stm32cubeide/plugins/com.st.stm32cube.ide.mcu.externaltools.gnu-tools-for-stm32.7-2018-q2-update.win32_1.5.0.202011040924/tools/bin/../lib/gcc/arm-none-eabi/7.3.1/../../../../arm-none-eabi/lib/thumb/v7-m\libc_nano.a(lib_a-init.o)
                0x0000000008003074                __libc_init_array
 .text.memset   0x00000000080030bc       0x10 c:/st/stm32cubeide_1.5.0/stm32cubeide/plugins/com.st.stm32cube.ide.mcu.externaltools.gnu-tools-for-stm32.7-2018-q2-update.win32_1.5.0.202011040924/tools/bin/../lib/gcc/arm-none-eabi/7.3.1/../../../../arm-none-eabi/lib/thumb/v7-m\libc_nano.a(lib_a-memset.o)
                0x00000000080030bc                memset
 *(.glue_7)
 .glue_7        0x00000000080030cc        0x0 linker stubs
 *(.glue_7t)
 .glue_7t       0x00000000080030cc        0x0 linker stubs
 *(.eh_frame)
 .eh_frame      0x00000000080030cc        0x0 c:/st/stm32cubeide_1.5.0/stm32cubeide/plugins/com.st.stm32cube.ide.mcu.externaltools.gnu-tools-for-stm32.7-2018-q2-update.win32_1.5.0.202011040924/tools/bin/../lib/gcc/arm-none-eabi/7.3.1/thumb/v7-m/crtbegin.o
 *(.init)
 .init          0x00000000080030cc        0x4 c:/st/stm32cubeide_1.5.0/stm32cubeide/plugins/com.st.stm32cube.ide.mcu.externaltools.gnu-tools-for-stm32.7-2018-q2-update.win32_1.5.0.202011040924/tools/bin/../lib/gcc/arm-none-eabi/7.3.1/thumb/v7-m/crti.o
                0x00000000080030cc                _init
 .init          0x00000000080030d0        0x8 c:/st/stm32cubeide_1.5.0/stm32cubeide/plugins/com.st.stm32cube.ide.mcu.externaltools.gnu-tools-for-stm32.7-2018-q2-update.win32_1.5.0.202011040924/tools/bin/../lib/gcc/arm-none-eabi/7.3.1/thumb/v7-m/crtn.o
 *(.fini)
 .fini          0x00000000080030d8        0x4 c:/st/stm32cubeide_1.5.0/stm32cubeide/plugins/com.st.stm32cube.ide.mcu.externaltools.gnu-tools-for-stm32.7-2018-q2-update.win32_1.5.0.202011040924/tools/bin/../lib/gcc/arm-none-eabi/7.3.1/thumb/v7-m/crti.o
                0x00000000080030d8                _fini
 .fini          0x00000000080030dc        0x8 c:/st/stm32cubeide_1.5.0/stm32cubeide/plugins/com.st.stm32cube.ide.mcu.externaltools.gnu-tools-for-stm32.7-2018-q2-update.win32_1.5.0.202011040924/tools/bin/../lib/gcc/arm-none-eabi/7.3.1/thumb/v7-m/crtn.o
                0x00000000080030e4                . = ALIGN (0x4)
                0x00000000080030e4                _etext = .

.vfp11_veneer   0x00000000080030e4        0x0
 .vfp11_veneer  0x00000000080030e4        0x0 linker stubs

.v4_bx          0x00000000080030e4        0x0
 .v4_bx         0x00000000080030e4        0x0 linker stubs

.iplt           0x00000000080030e4        0x0
 .iplt          0x00000000080030e4        0x0 c:/st/stm32cubeide_1.5.0/stm32cubeide/plugins/com.st.stm32cube.ide.mcu.externaltools.gnu-tools-for-stm32.7-2018-q2-update.win32_1.5.0.202011040924/tools/bin/../lib/gcc/arm-none-eabi/7.3.1/thumb/v7-m/crtbegin.o

.rodata         0x00000000080030e4       0x10
                0x00000000080030e4                . = ALIGN (0x4)
 *(.rodata)
 .rodata        0x00000000080030e4        0xe Core/Src/CAN.o
 *(.rodata*)
                0x00000000080030f4                . = ALIGN (0x4)
 *fill*         0x00000000080030f2        0x2 

.rel.dyn        0x00000000080030f4        0x0
 .rel.iplt      0x00000000080030f4        0x0 c:/st/stm32cubeide_1.5.0/stm32cubeide/plugins/com.st.stm32cube.ide.mcu.externaltools.gnu-tools-for-stm32.7-2018-q2-update.win32_1.5.0.202011040924/tools/bin/../lib/gcc/arm-none-eabi/7.3.1/thumb/v7-m/crtbegin.o

.ARM.extab      0x00000000080030f4        0x0
                0x00000000080030f4                . = ALIGN (0x4)
 *(.ARM.extab* .gnu.linkonce.armextab.*)
                0x00000000080030f4                . = ALIGN (0x4)

.ARM            0x00000000080030f4        0x0
                0x00000000080030f4                . = ALIGN (0x4)
                0x00000000080030f4                __exidx_start = .
 *(.ARM.exidx*)
                0x00000000080030f4                __exidx_end = .
                0x00000000080030f4                . = ALIGN (0x4)

.preinit_array  0x00000000080030f4        0x0
                0x00000000080030f4                . = ALIGN (0x4)
                0x00000000080030f4                PROVIDE (__preinit_array_start = .)
 *(.preinit_array*)
                0x00000000080030f4                PROVIDE (__preinit_array_end = .)
                0x00000000080030f4                . = ALIGN (0x4)

.init_array     0x00000000080030f4        0x4
                0x00000000080030f4                . = ALIGN (0x4)
                0x00000000080030f4                PROVIDE (__init_array_start = .)
 *(SORT_BY_NAME(.init_array.*))
 *(.init_array*)
 .init_array    0x00000000080030f4        0x4 c:/st/stm32cubeide_1.5.0/stm32cubeide/plugins/com.st.stm32cube.ide.mcu.externaltools.gnu-tools-for-stm32.7-2018-q2-update.win32_1.5.0.202011040924/tools/bin/../lib/gcc/arm-none-eabi/7.3.1/thumb/v7-m/crtbegin.o
                0x00000000080030f8                PROVIDE (__init_array_end = .)
                0x00000000080030f8                . = ALIGN (0x4)

.fini_array     0x00000000080030f8        0x4
                0x00000000080030f8                . = ALIGN (0x4)
                [!provide]                        PROVIDE (__fini_array_start = .)
 *(SORT_BY_NAME(.fini_array.*))
 *(.fini_array*)
 .fini_array    0x00000000080030f8        0x4 c:/st/stm32cubeide_1.5.0/stm32cubeide/plugins/com.st.stm32cube.ide.mcu.externaltools.gnu-tools-for-stm32.7-2018-q2-update.win32_1.5.0.202011040924/tools/bin/../lib/gcc/arm-none-eabi/7.3.1/thumb/v7-m/crtbegin.o
                [!provide]                        PROVIDE (__fini_array_end = .)
                0x00000000080030fc                . = ALIGN (0x4)
                0x00000000080030fc                _sidata = LOADADDR (.data)

.data           0x0000000020000000       0x10 load address 0x00000000080030fc
                0x0000000020000000                . = ALIGN (0x4)
                0x0000000020000000                _sdata = .
 *(.data)
 *(.data*)
 .data.GPIO     0x0000000020000000        0xc Core/Src/GPIO.o
 .data.uwTickFreq
                0x000000002000000c        0x1 Drivers/STM32F1xx_HAL_Driver/Src/stm32f1xx_hal.o
                0x000000002000000c                uwTickFreq
 *(.RamFunc)
 *(.RamFunc*)
                0x0000000020000010                . = ALIGN (0x4)
 *fill*         0x000000002000000d        0x3 
                0x0000000020000010                _edata = .

.igot.plt       0x0000000020000010        0x0 load address 0x000000000800310c
 .igot.plt      0x0000000020000010        0x0 c:/st/stm32cubeide_1.5.0/stm32cubeide/plugins/com.st.stm32cube.ide.mcu.externaltools.gnu-tools-for-stm32.7-2018-q2-update.win32_1.5.0.202011040924/tools/bin/../lib/gcc/arm-none-eabi/7.3.1/thumb/v7-m/crtbegin.o
                0x0000000020000010                . = ALIGN (0x4)

.bss            0x0000000020000010       0x3c load address 0x000000000800310c
                0x0000000020000010                _sbss = .
                0x0000000020000010                __bss_start__ = _sbss
 *(.bss)
 .bss           0x0000000020000010       0x1c c:/st/stm32cubeide_1.5.0/stm32cubeide/plugins/com.st.stm32cube.ide.mcu.externaltools.gnu-tools-for-stm32.7-2018-q2-update.win32_1.5.0.202011040924/tools/bin/../lib/gcc/arm-none-eabi/7.3.1/thumb/v7-m/crtbegin.o
 *(.bss*)
 .bss.callBack  0x000000002000002c        0x4 Core/Src/CAN.o
 .bss.rxFrame   0x0000000020000030       0x10 Core/Src/updates.o
 .bss.newRxFrame
                0x0000000020000040        0x1 Core/Src/updates.o
 *(COMMON)
 *fill*         0x0000000020000041        0x3 
 COMMON         0x0000000020000044        0x2 Core/Src/ECU_Config.o
                0x0000000020000044                ecuConfig
 *fill*         0x0000000020000046        0x2 
 COMMON         0x0000000020000048        0x4 Drivers/STM32F1xx_HAL_Driver/Src/stm32f1xx_hal.o
                0x0000000020000048                uwTick
                0x000000002000004c                . = ALIGN (0x4)
                0x000000002000004c                _ebss = .
                0x000000002000004c                __bss_end__ = _ebss

._user_heap_stack
                0x000000002000004c      0x604 load address 0x000000000800310c
                0x0000000020000050                . = ALIGN (0x8)
 *fill*         0x000000002000004c        0x4 
                [!provide]                        PROVIDE (end = .)
                0x0000000020000050                PROVIDE (_end = .)
                0x0000000020000250                . = (. + _Min_Heap_Size)
 *fill*         0x0000000020000050      0x200 
                0x0000000020000650                . = (. + _Min_Stack_Size)
 *fill*         0x0000000020000250      0x400 
                0x0000000020000650                . = ALIGN (0x8)

/DISCARD/
 libc.a(*)
 libm.a(*)
 libgcc.a(*)

.ARM.attributes
                0x0000000000000000       0x29
 *(.ARM.attributes)
 .ARM.attributes
                0x0000000000000000       0x1d c:/st/stm32cubeide_1.5.0/stm32cubeide/plugins/com.st.stm32cube.ide.mcu.externaltools.gnu-tools-for-stm32.7-2018-q2-update.win32_1.5.0.202011040924/tools/bin/../lib/gcc/arm-none-eabi/7.3.1/thumb/v7-m/crti.o
 .ARM.attributes
                0x000000000000001d       0x2d c:/st/stm32cubeide_1.5.0/stm32cubeide/plugins/com.st.stm32cube.ide.mcu.externaltools.gnu-tools-for-stm32.7-2018-q2-update.win32_1.5.0.202011040924/tools/bin/../lib/gcc/arm-none-eabi/7.3.1/thumb/v7-m/crtbegin.o
 .ARM.attributes
                0x000000000000004a       0x33 Core/Src/CAN.o
 .ARM.attributes
                0x000000000000007d       0x33 Core/Src/ECU_Config.o
 .ARM.attributes
                0x00000000000000b0       0x33 Core/Src/FPEC.o
 .ARM.attributes
                0x00000000000000e3       0x33 Core/Src/GPIO.o
 .ARM.attributes
                0x0000000000000116       0x33 Core/Src/NVIC.o
 .ARM.attributes
                0x0000000000000149       0x33 Core/Src/RCC.o
 .ARM.attributes
                0x000000000000017c       0x33 Core/Src/main.o
 .ARM.attributes
                0x00000000000001af       0x33 Core/Src/stm32f1xx_it.o
 .ARM.attributes
                0x00000000000001e2       0x33 Core/Src/system_stm32f1xx.o
 .ARM.attributes
                0x0000000000000215       0x33 Core/Src/updates.o
 .ARM.attributes
                0x0000000000000248       0x21 Core/Startup/startup_stm32f103c8tx.o
 .ARM.attributes
                0x0000000000000269       0x33 Drivers/STM32F1xx_HAL_Driver/Src/stm32f1xx_hal.o
 .ARM.attributes
                0x000000000000029c       0x2d c:/st/stm32cubeide_1.5.0/stm32cubeide/plugins/com.st.stm32cube.ide.mcu.externaltools.gnu-tools-for-stm32.7-2018-q2-update.win32_1.5.0.202011040924/tools/bin/../lib/gcc/arm-none-eabi/7.3.1/../../../../arm-none-eabi/lib/thumb/v7-m\libc_nano.a(lib_a-init.o)
 .ARM.attributes
                0x00000000000002c9       0x2d c:/st/stm32cubeide_1.5.0/stm32cubeide/plugins/com.st.stm32cube.ide.mcu.externaltools.gnu-tools-for-stm32.7-2018-q2-update.win32_1.5.0.202011040924/tools/bin/../lib/gcc/arm-none-eabi/7.3.1/../../../../arm-none-eabi/lib/thumb/v7-m\libc_nano.a(lib_a-memset.o)
 .ARM.attributes
                0x00000000000002f6       0x1d c:/st/stm32cubeide_1.5.0/stm32cubeide/plugins/com.st.stm32cube.ide.mcu.externaltools.gnu-tools-for-stm32.7-2018-q2-update.win32_1.5.0.202011040924/tools/bin/../lib/gcc/arm-none-eabi/7.3.1/thumb/v7-m/crtn.o
OUTPUT(Bootloader_1.elf elf32-littlearm)

.debug_info     0x0000000000000000     0x354a
 .debug_info    0x0000000000000000      0xa42 Core/Src/CAN.o
 .debug_info    0x0000000000000a42      0x1b5 Core/Src/ECU_Config.o
 .debug_info    0x0000000000000bf7      0x699 Core/Src/FPEC.o
 .debug_info    0x0000000000001290      0x556 Core/Src/GPIO.o
 .debug_info    0x00000000000017e6      0x873 Core/Src/NVIC.o
 .debug_info    0x0000000000002059      0x23a Core/Src/RCC.o
 .debug_info    0x0000000000002293      0x1ef Core/Src/main.o
 .debug_info    0x0000000000002482      0x20a Core/Src/stm32f1xx_it.o
 .debug_info    0x000000000000268c      0x29a Core/Src/system_stm32f1xx.o
 .debug_info    0x0000000000002926      0x4ee Core/Src/updates.o
 .debug_info    0x0000000000002e14       0x22 Core/Startup/startup_stm32f103c8tx.o
 .debug_info    0x0000000000002e36      0x714 Drivers/STM32F1xx_HAL_Driver/Src/stm32f1xx_hal.o

.debug_abbrev   0x0000000000000000     0x1031
 .debug_abbrev  0x0000000000000000      0x227 Core/Src/CAN.o
 .debug_abbrev  0x0000000000000227       0xf1 Core/Src/ECU_Config.o
 .debug_abbrev  0x0000000000000318      0x1fc Core/Src/FPEC.o
 .debug_abbrev  0x0000000000000514      0x1d9 Core/Src/GPIO.o
 .debug_abbrev  0x00000000000006ed      0x1ec Core/Src/NVIC.o
 .debug_abbrev  0x00000000000008d9       0xf5 Core/Src/RCC.o
 .debug_abbrev  0x00000000000009ce      0x109 Core/Src/main.o
 .debug_abbrev  0x0000000000000ad7       0xc6 Core/Src/stm32f1xx_it.o
 .debug_abbrev  0x0000000000000b9d      0x134 Core/Src/system_stm32f1xx.o
 .debug_abbrev  0x0000000000000cd1      0x187 Core/Src/updates.o
 .debug_abbrev  0x0000000000000e58       0x12 Core/Startup/startup_stm32f103c8tx.o
 .debug_abbrev  0x0000000000000e6a      0x1c7 Drivers/STM32F1xx_HAL_Driver/Src/stm32f1xx_hal.o

.debug_aranges  0x0000000000000000      0x3e8
 .debug_aranges
                0x0000000000000000       0x40 Core/Src/CAN.o
 .debug_aranges
                0x0000000000000040       0x30 Core/Src/ECU_Config.o
 .debug_aranges
                0x0000000000000070       0x90 Core/Src/FPEC.o
 .debug_aranges
                0x0000000000000100       0x50 Core/Src/GPIO.o
 .debug_aranges
                0x0000000000000150       0x70 Core/Src/NVIC.o
 .debug_aranges
                0x00000000000001c0       0x38 Core/Src/RCC.o
 .debug_aranges
                0x00000000000001f8       0x28 Core/Src/main.o
 .debug_aranges
                0x0000000000000220       0x60 Core/Src/stm32f1xx_it.o
 .debug_aranges
                0x0000000000000280       0x28 Core/Src/system_stm32f1xx.o
 .debug_aranges
                0x00000000000002a8       0x38 Core/Src/updates.o
 .debug_aranges
                0x00000000000002e0       0x28 Core/Startup/startup_stm32f103c8tx.o
 .debug_aranges
                0x0000000000000308       0xe0 Drivers/STM32F1xx_HAL_Driver/Src/stm32f1xx_hal.o

.debug_ranges   0x0000000000000000      0x348
 .debug_ranges  0x0000000000000000       0x30 Core/Src/CAN.o
 .debug_ranges  0x0000000000000030       0x20 Core/Src/ECU_Config.o
 .debug_ranges  0x0000000000000050       0x98 Core/Src/FPEC.o
 .debug_ranges  0x00000000000000e8       0x40 Core/Src/GPIO.o
 .debug_ranges  0x0000000000000128       0x60 Core/Src/NVIC.o
 .debug_ranges  0x0000000000000188       0x28 Core/Src/RCC.o
 .debug_ranges  0x00000000000001b0       0x18 Core/Src/main.o
 .debug_ranges  0x00000000000001c8       0x50 Core/Src/stm32f1xx_it.o
 .debug_ranges  0x0000000000000218       0x18 Core/Src/system_stm32f1xx.o
 .debug_ranges  0x0000000000000230       0x28 Core/Src/updates.o
 .debug_ranges  0x0000000000000258       0x20 Core/Startup/startup_stm32f103c8tx.o
 .debug_ranges  0x0000000000000278       0xd0 Drivers/STM32F1xx_HAL_Driver/Src/stm32f1xx_hal.o

.debug_macro    0x0000000000000000    0x10ecd
 .debug_macro   0x0000000000000000      0x108 Core/Src/CAN.o
 .debug_macro   0x0000000000000108      0xa5a Core/Src/CAN.o
 .debug_macro   0x0000000000000b62       0x22 Core/Src/CAN.o
 .debug_macro   0x0000000000000b84       0x22 Core/Src/CAN.o
 .debug_macro   0x0000000000000ba6       0x8e Core/Src/CAN.o
 .debug_macro   0x0000000000000c34       0x51 Core/Src/CAN.o
 .debug_macro   0x0000000000000c85       0xef Core/Src/CAN.o
 .debug_macro   0x0000000000000d74       0x6a Core/Src/CAN.o
 .debug_macro   0x0000000000000dde      0x1df Core/Src/CAN.o
 .debug_macro   0x0000000000000fbd       0x1c Core/Src/CAN.o
 .debug_macro   0x0000000000000fd9       0x22 Core/Src/CAN.o
 .debug_macro   0x0000000000000ffb       0xc3 Core/Src/CAN.o
 .debug_macro   0x00000000000010be      0xd23 Core/Src/CAN.o
 .debug_macro   0x0000000000001de1     0xe09e Core/Src/CAN.o
 .debug_macro   0x000000000000fe7f       0x52 Core/Src/CAN.o
 .debug_macro   0x000000000000fed1       0x22 Core/Src/CAN.o
 .debug_macro   0x000000000000fef3       0x22 Core/Src/CAN.o
 .debug_macro   0x000000000000ff15       0x28 Core/Src/CAN.o
 .debug_macro   0x000000000000ff3d      0x2f2 Core/Src/CAN.o
 .debug_macro   0x000000000001022f       0xf9 Core/Src/ECU_Config.o
 .debug_macro   0x0000000000010328       0x7c Core/Src/ECU_Config.o
 .debug_macro   0x00000000000103a4       0xf6 Core/Src/FPEC.o
 .debug_macro   0x000000000001049a       0xf4 Core/Src/GPIO.o
 .debug_macro   0x000000000001058e       0xc9 Core/Src/NVIC.o
 .debug_macro   0x0000000000010657       0xea Core/Src/RCC.o
 .debug_macro   0x0000000000010741      0x11f Core/Src/main.o
 .debug_macro   0x0000000000010860       0x82 Core/Src/main.o
 .debug_macro   0x00000000000108e2      0x198 Core/Src/stm32f1xx_it.o
 .debug_macro   0x0000000000010a7a      0x184 Core/Src/system_stm32f1xx.o
 .debug_macro   0x0000000000010bfe      0x127 Core/Src/updates.o
 .debug_macro   0x0000000000010d25      0x1a8 Drivers/STM32F1xx_HAL_Driver/Src/stm32f1xx_hal.o

.debug_line     0x0000000000000000     0x41c2
 .debug_line    0x0000000000000000      0x6b5 Core/Src/CAN.o
 .debug_line    0x00000000000006b5      0x4c0 Core/Src/ECU_Config.o
 .debug_line    0x0000000000000b75      0x650 Core/Src/FPEC.o
 .debug_line    0x00000000000011c5      0x576 Core/Src/GPIO.o
 .debug_line    0x000000000000173b      0x564 Core/Src/NVIC.o
 .debug_line    0x0000000000001c9f      0x501 Core/Src/RCC.o
 .debug_line    0x00000000000021a0      0x4e9 Core/Src/main.o
 .debug_line    0x0000000000002689      0x6d6 Core/Src/stm32f1xx_it.o
 .debug_line    0x0000000000002d5f      0x656 Core/Src/system_stm32f1xx.o
 .debug_line    0x00000000000033b5      0x57d Core/Src/updates.o
 .debug_line    0x0000000000003932       0x87 Core/Startup/startup_stm32f103c8tx.o
 .debug_line    0x00000000000039b9      0x809 Drivers/STM32F1xx_HAL_Driver/Src/stm32f1xx_hal.o

.debug_str      0x0000000000000000    0x7cb8b
 .debug_str     0x0000000000000000    0x54f47 Core/Src/CAN.o
                                      0x55211 (size before relaxing)
 .debug_str     0x0000000000054f47      0x30e Core/Src/ECU_Config.o
                                      0x54cb7 (size before relaxing)
 .debug_str     0x0000000000055255      0x229 Core/Src/FPEC.o
                                      0x54be5 (size before relaxing)
 .debug_str     0x000000000005547e      0x124 Core/Src/GPIO.o
                                      0x54d26 (size before relaxing)
 .debug_str     0x00000000000555a2      0x3b9 Core/Src/NVIC.o
                                      0x54659 (size before relaxing)
 .debug_str     0x000000000005595b       0xb3 Core/Src/RCC.o
                                      0x54a5c (size before relaxing)
 .debug_str     0x0000000000055a0e       0x4a Core/Src/main.o
                                      0x54ce9 (size before relaxing)
 .debug_str     0x0000000000055a58    0x26c6b Core/Src/stm32f1xx_it.o
                                      0x7abe2 (size before relaxing)
 .debug_str     0x000000000007c6c3       0x52 Core/Src/system_stm32f1xx.o
                                      0x7abb2 (size before relaxing)
 .debug_str     0x000000000007c715      0x11e Core/Src/updates.o
                                      0x54f3d (size before relaxing)
 .debug_str     0x000000000007c833       0x36 Core/Startup/startup_stm32f103c8tx.o
                                         0x8f (size before relaxing)
 .debug_str     0x000000000007c869      0x322 Drivers/STM32F1xx_HAL_Driver/Src/stm32f1xx_hal.o
                                      0x7b243 (size before relaxing)

.comment        0x0000000000000000       0x7b
 .comment       0x0000000000000000       0x7b Core/Src/CAN.o
                                         0x7c (size before relaxing)
 .comment       0x000000000000007b       0x7c Core/Src/ECU_Config.o
 .comment       0x000000000000007b       0x7c Core/Src/FPEC.o
 .comment       0x000000000000007b       0x7c Core/Src/GPIO.o
 .comment       0x000000000000007b       0x7c Core/Src/NVIC.o
 .comment       0x000000000000007b       0x7c Core/Src/RCC.o
 .comment       0x000000000000007b       0x7c Core/Src/main.o
 .comment       0x000000000000007b       0x7c Core/Src/stm32f1xx_it.o
 .comment       0x000000000000007b       0x7c Core/Src/system_stm32f1xx.o
 .comment       0x000000000000007b       0x7c Core/Src/updates.o
 .comment       0x000000000000007b       0x7c Drivers/STM32F1xx_HAL_Driver/Src/stm32f1xx_hal.o

.debug_frame    0x0000000000000000      0xca8
 .debug_frame   0x0000000000000000       0xcc Core/Src/CAN.o
 .debug_frame   0x00000000000000cc       0x64 Core/Src/ECU_Config.o
 .debug_frame   0x0000000000000130      0x22c Core/Src/FPEC.o
 .debug_frame   0x000000000000035c      0x124 Core/Src/GPIO.o
 .debug_frame   0x0000000000000480      0x1c0 Core/Src/NVIC.o
 .debug_frame   0x0000000000000640       0xa4 Core/Src/RCC.o
 .debug_frame   0x00000000000006e4       0x4c Core/Src/main.o
 .debug_frame   0x0000000000000730      0x104 Core/Src/stm32f1xx_it.o
 .debug_frame   0x0000000000000834       0x58 Core/Src/system_stm32f1xx.o
 .debug_frame   0x000000000000088c       0x9c Core/Src/updates.o
 .debug_frame   0x0000000000000928      0x334 Drivers/STM32F1xx_HAL_Driver/Src/stm32f1xx_hal.o
 .debug_frame   0x0000000000000c5c       0x2c c:/st/stm32cubeide_1.5.0/stm32cubeide/plugins/com.st.stm32cube.ide.mcu.externaltools.gnu-tools-for-stm32.7-2018-q2-update.win32_1.5.0.202011040924/tools/bin/../lib/gcc/arm-none-eabi/7.3.1/../../../../arm-none-eabi/lib/thumb/v7-m\libc_nano.a(lib_a-init.o)
 .debug_frame   0x0000000000000c88       0x20 c:/st/stm32cubeide_1.5.0/stm32cubeide/plugins/com.st.stm32cube.ide.mcu.externaltools.gnu-tools-for-stm32.7-2018-q2-update.win32_1.5.0.202011040924/tools/bin/../lib/gcc/arm-none-eabi/7.3.1/../../../../arm-none-eabi/lib/thumb/v7-m\libc_nano.a(lib_a-memset.o)
